#2026 05 15 08:50:35.737#Z#INFO#23b2357c-503b-11f1-8c85-eeee0a9265de.OPERATION#http-nio-0.0.0.0-8080-exec-48#
[XS2StartProcessListener] Operation ID: 23b2357c-503b-11f1-8c85-eeee0a9265de#
#2026 05 15 08:50:35.768#Z#DEBUG#23b2357c-503b-11f1-8c85-eeee0a9265de.OPERATION#http-nio-0.0.0.0-8080-exec-48#
[XS2StartProcessListener] Process environment: {
  "SKIP_SSL_VALIDATION" : "false",
  "FLOWABLE_JOB_EXECUTOR_MAX_THREADS" : "32",
  "VERSION" : "2.45.0",
  "BASIC_AUTH_ENABLED" : "true",
  "FLOWABLE_JOB_EXECUTOR_QUEUE_CAPACITY" : "16",
  "FLOWABLE_JOB_EXECUTOR_CORE_THREADS" : "8"
}#
#2026 05 15 08:50:35.768#Z#DEBUG#23b2357c-503b-11f1-8c85-eeee0a9265de.OPERATION#http-nio-0.0.0.0-8080-exec-48#
[XS2StartProcessListener] Current user: mohamed11.nicer.ext@nttdata.com#
#2026 05 15 08:50:35.768#Z#DEBUG#23b2357c-503b-11f1-8c85-eeee0a9265de.OPERATION#http-nio-0.0.0.0-8080-exec-48#
[XS2StartProcessListener] Client space: dev#
#2026 05 15 08:50:35.768#Z#DEBUG#23b2357c-503b-11f1-8c85-eeee0a9265de.OPERATION#http-nio-0.0.0.0-8080-exec-48#
[XS2StartProcessListener] Client organization: 922f8253trial#
#2026 05 15 08:50:35.768#Z#INFO#23b2357c-503b-11f1-8c85-eeee0a9265de.OPERATION#http-nio-0.0.0.0-8080-exec-48#
[XS2StartProcessListener] Process variables: {
  "abortOnError" : false,
  "mtaId" : "incident-management",
  "deleteServiceBrokers" : false,
  "deleteServiceKeys" : true,
  "noRestartSubscribedApps" : false,
  "deleteServices" : true,
  "noFailOnMissingPermissions" : false
}#
#2026 05 15 08:50:35.820#Z#DEBUG#23b2357c-503b-11f1-8c85-eeee0a9265de.OPERATION#flowable-async-job-executor-thread-28328#
[DetectDeployedMtaStep] Executing task "detectDeployedMtaTask" of process "23b2358e-503b-11f1-8c85-eeee0a9265de"...#
#2026 05 15 08:50:35.820#Z#DEBUG#23b2357c-503b-11f1-8c85-eeee0a9265de.OPERATION#flowable-async-job-executor-thread-28328#
[DetectDeployedMtaStep] Detecting deployed MTA...#
#2026 05 15 08:50:35.820#Z#DEBUG#23b2357c-503b-11f1-8c85-eeee0a9265de.OPERATION#flowable-async-job-executor-thread-28328#
[DetectDeployedMtaStep] Detecting MTA by id incident-management and namespace null#
#2026 05 15 08:50:35.820#Z#DEBUG#23b2357c-503b-11f1-8c85-eeee0a9265de.OPERATION#flowable-async-job-executor-thread-28328#
[DetectDeployedMtaStep] Getting applications by metadata label selector "mta_id=65411f2f607a75efbe525f81cfecafad,!mta_namespace"...#
#2026 05 15 08:50:35.870#Z#DEBUG#23b2357c-503b-11f1-8c85-eeee0a9265de.OPERATION#flowable-async-job-executor-thread-28328#
[DetectDeployedMtaStep] Getting service instances by metadata label selector "mta_id=65411f2f607a75efbe525f81cfecafad,!mta_namespace"...#
#2026 05 15 08:50:36.105#Z#DEBUG#23b2357c-503b-11f1-8c85-eeee0a9265de.OPERATION#flowable-async-job-executor-thread-28328#
[DetectDeployedMtaStep] Deployed MTA: {
  "metadata" : {
    "id" : "incident-management",
    "version" : "1.0.0"
  },
  "applications" : [ {
    "name" : "incident-management-db-deployer",
    "metadata" : {
      "guid" : "3bda7396-6639-445c-a15b-0d262bc1c48d",
      "createdAt" : [ 2026, 5, 14, 18, 59, 11 ],
      "updatedAt" : [ 2026, 5, 14, 20, 22, 48 ]
    },
    "v3Metadata" : {
      "annotations" : {
        "mta_id" : "incident-management",
        "mta_version" : "1.0.0",
        "mta_module" : "{\"name\":\"incident-management-db-deployer\"}",
        "mta_module_provided_dependencies" : "[]",
        "mta_bound_services" : "[\"incident-management-db\"]"
      },
      "labels" : {
        "mta_id" : "65411f2f607a75efbe525f81cfecafad"
      }
    },
    "state" : "STOPPED",
    "lifecycle" : {
      "type" : "BUILDPACK",
      "data" : {
        "buildpacks" : [ "nodejs_buildpack" ],
        "stack" : "cflinuxfs4"
      }
    },
    "space" : {
      "name" : "dev",
      "metadata" : {
        "guid" : "fbd7e39b-aea9-4686-afbf-72d94ec62a35",
        "createdAt" : [ 2026, 5, 12, 9, 14, 1 ],
        "updatedAt" : [ 2026, 5, 12, 9, 14, 1 ]
      },
      "organization" : {
        "name" : "922f8253trial",
        "metadata" : {
          "guid" : "14eeb614-6e79-4ebc-aaef-3126f44263da",
          "createdAt" : [ 2026, 5, 12, 9, 13, 59 ],
          "updatedAt" : [ 2026, 5, 12, 9, 14, 1 ]
        }
      }
    },
    "moduleName" : "incident-management-db-deployer",
    "boundMtaServices" : [ "incident-management-db" ],
    "providedDependencyNames" : [ ],
    "productizationState" : "LIVE"
  }, {
    "name" : "incident-management-srv",
    "metadata" : {
      "guid" : "b7e7f973-4284-4cee-ad4e-7adafe4723d2",
      "createdAt" : [ 2026, 5, 14, 18, 59, 13 ],
      "updatedAt" : [ 2026, 5, 15, 0, 12, 9 ]
    },
    "v3Metadata" : {
      "annotations" : {
        "mta_id" : "incident-management",
        "mta_version" : "1.0.0",
        "mta_module" : "{\"name\":\"incident-management-srv\"}",
        "mta_module_provided_dependencies" : "[]",
        "mta_bound_services" : "********"
      },
      "labels" : {
        "mta_id" : "65411f2f607a75efbe525f81cfecafad"
      }
    },
    "state" : "STOPPED",
    "lifecycle" : {
      "type" : "BUILDPACK",
      "data" : {
        "buildpacks" : [ "nodejs_buildpack" ],
        "stack" : "cflinuxfs4"
      }
    },
    "space" : {
      "name" : "dev",
      "metadata" : {
        "guid" : "fbd7e39b-aea9-4686-afbf-72d94ec62a35",
        "createdAt" : [ 2026, 5, 12, 9, 14, 1 ],
        "updatedAt" : [ 2026, 5, 12, 9, 14, 1 ]
      },
      "organization" : {
        "name" : "922f8253trial",
        "metadata" : {
          "guid" : "14eeb614-6e79-4ebc-aaef-3126f44263da",
          "createdAt" : [ 2026, 5, 12, 9, 13, 59 ],
          "updatedAt" : [ 2026, 5, 12, 9, 14, 1 ]
        }
      }
    },
    "moduleName" : "incident-management-srv",
    "boundMtaServices" : [ "********", "incident-management-db", "incident-management-destination" ],
    "providedDependencyNames" : [ ],
    "productizationState" : "LIVE"
  } ],
  "services" : [ {
    "name" : "incident-management-db",
    "metadata" : {
      "guid" : "aaa2cd59-94f2-46c0-970b-e090bfe4a99a",
      "createdAt" : [ 2026, 5, 14, 18, 58, 58 ],
      "updatedAt" : [ 2026, 5, 14, 18, 58, 59 ]
    },
    "v3Metadata" : {
      "annotations" : {
        "mta_id" : "incident-management",
        "mta_version" : "1.0.0",
        "mta_resource" : "{\"name\":\"incident-management-db\"}"
      },
      "labels" : {
        "mta_id" : "65411f2f607a75efbe525f81cfecafad"
      }
    },
    "label" : "hana",
    "plan" : "hdi-shared",
    "credentials" : "********",
    "tags" : [ ],
    "type" : "managed",
    "lastOperation" : {
      "type" : "CREATE",
      "state" : "SUCCEEDED"
    },
    "resourceName" : "incident-management-db"
  }, {
    "name" : "********",
    "metadata" : {
      "guid" : "cfc97932-9c6b-4faa-b8e7-8938cb1231c6",
      "createdAt" : [ 2026, 5, 14, 18, 58, 56 ],
      "updatedAt" : [ 2026, 5, 14, 18, 58, 57 ]
    },
    "v3Metadata" : {
      "annotations" : {
        "mta_id" : "incident-management",
        "mta_version" : "1.0.0",
        "mta_resource" : "********"
      },
      "labels" : {
        "mta_id" : "65411f2f607a75efbe525f81cfecafad"
      }
    },
    "label" : "xsuaa",
    "plan" : "application",
    "credentials" : "********",
    "tags" : [ ],
    "type" : "managed",
    "lastOperation" : {
      "type" : "UPDATE",
      "description" : "",
      "state" : "SUCCEEDED"
    },
    "resourceName" : "********"
  }, {
    "name" : "incident-management-html5-repo-host",
    "metadata" : {
      "guid" : "87b6173c-22b6-4d45-bd4c-a6b6594299bb",
      "createdAt" : [ 2026, 5, 14, 18, 58, 59 ],
      "updatedAt" : [ 2026, 5, 14, 18, 58, 59 ]
    },
    "v3Metadata" : {
      "annotations" : {
        "mta_id" : "incident-management",
        "mta_version" : "1.0.0",
        "mta_resource" : "{\"name\":\"incident-management-html5-repo-host\"}"
      },
      "labels" : {
        "mta_id" : "65411f2f607a75efbe525f81cfecafad"
      }
    },
    "label" : "html5-apps-repo",
    "plan" : "app-host",
    "credentials" : "********",
    "tags" : [ ],
    "type" : "managed",
    "lastOperation" : {
      "type" : "CREATE",
      "description" : "",
      "state" : "SUCCEEDED"
    },
    "resourceName" : "incident-management-html5-repo-host"
  }, {
    "name" : "incident-management-destination",
    "metadata" : {
      "guid" : "0c624e56-d1f7-4fdd-bb0d-89431145491a",
      "createdAt" : [ 2026, 5, 14, 18, 58, 57 ],
      "updatedAt" : [ 2026, 5, 14, 18, 59 ]
    },
    "v3Metadata" : {
      "annotations" : {
        "mta_id" : "incident-management",
        "mta_version" : "1.0.0",
        "mta_resource" : "{\"name\":\"incident-management-destination\"}"
      },
      "labels" : {
        "mta_id" : "65411f2f607a75efbe525f81cfecafad"
      }
    },
    "label" : "destination",
    "plan" : "lite",
    "credentials" : "********",
    "tags" : [ ],
    "type" : "managed",
    "lastOperation" : {
      "type" : "UPDATE",
      "description" : "",
      "state" : "SUCCEEDED"
    },
    "resourceName" : "incident-management-destination"
  } ]
}#
#2026 05 15 08:50:36.105#Z#INFO#23b2357c-503b-11f1-8c85-eeee0a9265de.OPERATION#flowable-async-job-executor-thread-28328#
[DetectDeployedMtaStep] Detected deployed MTA with ID "incident-management" and version "1.0.0"#
#2026 05 15 08:50:36.116#Z#DEBUG#23b2357c-503b-11f1-8c85-eeee0a9265de.OPERATION#flowable-async-job-executor-thread-28328#
[DetectDeployedMtaStep] Detecting backup mta by id "incident-management" and namespace "null"#
#2026 05 15 08:50:36.116#Z#DEBUG#23b2357c-503b-11f1-8c85-eeee0a9265de.OPERATION#flowable-async-job-executor-thread-28328#
[DetectDeployedMtaStep] Getting applications by metadata label selector "mta_id=65411f2f607a75efbe525f81cfecafad,mta_namespace=b698114a0995e936895b9598a6c19a2c"...#
#2026 05 15 08:50:36.160#Z#DEBUG#23b2357c-503b-11f1-8c85-eeee0a9265de.OPERATION#flowable-async-job-executor-thread-28328#
[DetectDeployedMtaStep] Getting service instances by metadata label selector "mta_id=65411f2f607a75efbe525f81cfecafad,mta_namespace=b698114a0995e936895b9598a6c19a2c"...#
#2026 05 15 08:50:36.231#Z#DEBUG#23b2357c-503b-11f1-8c85-eeee0a9265de.OPERATION#flowable-async-job-executor-thread-28328#
[DetectDeployedMtaStep] Deployed MTA service keys: [ {
  "name" : "********",
  "metadata" : {
    "guid" : "67314daa-4cb0-4cc3-bed7-85f1e1283ca4",
    "createdAt" : [ 2026, 5, 14, 18, 59, 12 ],
    "updatedAt" : [ 2026, 5, 14, 18, 59, 13 ]
  },
  "v3Metadata" : {
    "annotations" : {
      "mta_id" : "incident-management",
      "mta_version" : "1.0.0"
    },
    "labels" : {
      "mta_id" : "65411f2f607a75efbe525f81cfecafad",
      "space_guid" : "fbd7e39b-aea9-4686-afbf-72d94ec62a35"
    }
  },
  "serviceInstance" : {
    "name" : "incident-management-html5-repo-host",
    "metadata" : {
      "guid" : "87b6173c-22b6-4d45-bd4c-a6b6594299bb",
      "createdAt" : [ 2026, 5, 14, 18, 58, 59 ],
      "updatedAt" : [ 2026, 5, 14, 18, 58, 59 ]
    },
    "v3Metadata" : {
      "annotations" : {
        "mta_id" : "incident-management",
        "mta_version" : "1.0.0",
        "mta_resource" : "{\"name\":\"incident-management-html5-repo-host\"}"
      },
      "labels" : {
        "mta_id" : "65411f2f607a75efbe525f81cfecafad"
      }
    },
    "credentials" : "********",
    "tags" : [ ],
    "type" : "managed"
  }
}, {
  "name" : "********",
  "metadata" : {
    "guid" : "00cbab9d-6482-432b-a8bc-c6bc03dac382",
    "createdAt" : [ 2026, 5, 14, 18, 59, 12 ],
    "updatedAt" : [ 2026, 5, 14, 18, 59, 14 ]
  },
  "v3Metadata" : {
    "annotations" : {
      "mta_id" : "incident-management",
      "mta_version" : "1.0.0"
    },
    "labels" : {
      "mta_id" : "65411f2f607a75efbe525f81cfecafad",
      "space_guid" : "fbd7e39b-aea9-4686-afbf-72d94ec62a35"
    }
  },
  "serviceInstance" : {
    "name" : "incident-management-destination",
    "metadata" : {
      "guid" : "0c624e56-d1f7-4fdd-bb0d-89431145491a",
      "createdAt" : [ 2026, 5, 14, 18, 58, 57 ],
      "updatedAt" : [ 2026, 5, 14, 18, 59 ]
    },
    "v3Metadata" : {
      "annotations" : {
        "mta_id" : "incident-management",
        "mta_version" : "1.0.0",
        "mta_resource" : "{\"name\":\"incident-management-destination\"}"
      },
      "labels" : {
        "mta_id" : "65411f2f607a75efbe525f81cfecafad"
      }
    },
    "credentials" : "********",
    "tags" : [ ],
    "type" : "managed"
  }
}, {
  "name" : "********",
  "metadata" : {
    "guid" : "481253d9-4fc5-4a2b-82c0-4bf19acea051",
    "createdAt" : [ 2026, 5, 14, 18, 59, 12 ],
    "updatedAt" : [ 2026, 5, 14, 18, 59, 13 ]
  },
  "v3Metadata" : {
    "annotations" : {
      "mta_id" : "incident-management",
      "mta_version" : "1.0.0"
    },
    "labels" : {
      "mta_id" : "65411f2f607a75efbe525f81cfecafad",
      "space_guid" : "fbd7e39b-aea9-4686-afbf-72d94ec62a35"
    }
  },
  "serviceInstance" : {
    "name" : "********",
    "metadata" : {
      "guid" : "cfc97932-9c6b-4faa-b8e7-8938cb1231c6",
      "createdAt" : [ 2026, 5, 14, 18, 58, 56 ],
      "updatedAt" : [ 2026, 5, 14, 18, 58, 57 ]
    },
    "v3Metadata" : {
      "annotations" : {
        "mta_id" : "incident-management",
        "mta_version" : "1.0.0",
        "mta_resource" : "********"
      },
      "labels" : {
        "mta_id" : "65411f2f607a75efbe525f81cfecafad"
      }
    },
    "credentials" : "********",
    "tags" : [ ],
    "type" : "managed"
  }
}, {
  "name" : "********",
  "metadata" : {
    "guid" : "957e53d0-7629-4c5d-b509-41d81dfa7c5d",
    "createdAt" : [ 2026, 5, 14, 18, 59, 15 ],
    "updatedAt" : [ 2026, 5, 14, 18, 59, 16 ]
  },
  "v3Metadata" : {
    "annotations" : {
      "mta_id" : "incident-management",
      "mta_version" : "1.0.0"
    },
    "labels" : {
      "mta_id" : "65411f2f607a75efbe525f81cfecafad",
      "space_guid" : "fbd7e39b-aea9-4686-afbf-72d94ec62a35"
    }
  },
  "serviceInstance" : {
    "name" : "incident-management-html5-repo-host",
    "metadata" : {
      "guid" : "87b6173c-22b6-4d45-bd4c-a6b6594299bb",
      "createdAt" : [ 2026, 5, 14, 18, 58, 59 ],
      "updatedAt" : [ 2026, 5, 14, 18, 58, 59 ]
    },
    "v3Metadata" : {
      "annotations" : {
        "mta_id" : "incident-management",
        "mta_version" : "1.0.0",
        "mta_resource" : "{\"name\":\"incident-management-html5-repo-host\"}"
      },
      "labels" : {
        "mta_id" : "65411f2f607a75efbe525f81cfecafad"
      }
    },
    "credentials" : "********",
    "tags" : [ ],
    "type" : "managed"
  }
}, {
  "name" : "********",
  "metadata" : {
    "guid" : "e6a0d6c3-cb67-4eca-a2c9-80f23a4e7f89",
    "createdAt" : [ 2026, 5, 14, 18, 59, 15 ],
    "updatedAt" : [ 2026, 5, 14, 18, 59, 16 ]
  },
  "v3Metadata" : {
    "annotations" : {
      "mta_id" : "incident-management",
      "mta_version" : "1.0.0"
    },
    "labels" : {
      "mta_id" : "65411f2f607a75efbe525f81cfecafad",
      "space_guid" : "fbd7e39b-aea9-4686-afbf-72d94ec62a35"
    }
  },
  "serviceInstance" : {
    "name" : "********",
    "metadata" : {
      "guid" : "cfc97932-9c6b-4faa-b8e7-8938cb1231c6",
      "createdAt" : [ 2026, 5, 14, 18, 58, 56 ],
      "updatedAt" : [ 2026, 5, 14, 18, 58, 57 ]
    },
    "v3Metadata" : {
      "annotations" : {
        "mta_id" : "incident-management",
        "mta_version" : "1.0.0",
        "mta_resource" : "********"
      },
      "labels" : {
        "mta_id" : "65411f2f607a75efbe525f81cfecafad"
      }
    },
    "credentials" : "********",
    "tags" : [ ],
    "type" : "managed"
  }
} ]#
#2026 05 15 08:50:36.231#Z#DEBUG#23b2357c-503b-11f1-8c85-eeee0a9265de.OPERATION#flowable-async-job-executor-thread-28328#
Step "Detect Deployed MTA" finished#
#2026 05 15 08:50:36.323#Z#DEBUG#23b2357c-503b-11f1-8c85-eeee0a9265de.OPERATION#flowable-async-job-executor-thread-28328#
[PrepareToUndeployStep] Executing task "prepareToUndeployTask" of process "23b2358e-503b-11f1-8c85-eeee0a9265de"...#
#2026 05 15 08:50:36.324#Z#DEBUG#23b2357c-503b-11f1-8c85-eeee0a9265de.OPERATION#flowable-async-job-executor-thread-28328#
[PrepareToUndeployStep] Detecting components to undeploy...#
#2026 05 15 08:50:36.337#Z#DEBUG#23b2357c-503b-11f1-8c85-eeee0a9265de.OPERATION#flowable-async-job-executor-thread-28328#
[PrepareToUndeployStep] Components to undeploy detected#
#2026 05 15 08:50:36.337#Z#DEBUG#23b2357c-503b-11f1-8c85-eeee0a9265de.OPERATION#flowable-async-job-executor-thread-28328#
Step "Prepare Undeploy" finished#
#2026 05 15 08:50:36.393#Z#DEBUG#23b2357c-503b-11f1-8c85-eeee0a9265de.OPERATION#flowable-async-job-executor-thread-28329#
[BuildCloudUndeployModelStep] Executing task "buildUndeployModelTask" of process "23b2358e-503b-11f1-8c85-eeee0a9265de"...#
#2026 05 15 08:50:36.395#Z#DEBUG#23b2357c-503b-11f1-8c85-eeee0a9265de.OPERATION#flowable-async-job-executor-thread-28329#
[BuildCloudUndeployModelStep] Building cloud undeployment model...#
#2026 05 15 08:50:36.397#Z#DEBUG#23b2357c-503b-11f1-8c85-eeee0a9265de.OPERATION#flowable-async-job-executor-thread-28329#
[BuildCloudUndeployModelStep] Detecting service keys to delete.#
#2026 05 15 08:50:36.400#Z#DEBUG#23b2357c-503b-11f1-8c85-eeee0a9265de.OPERATION#flowable-async-job-executor-thread-28329#
[BuildCloudUndeployModelStep] Detected service keys to delete "[DeployedMtaServiceKey{name=incident-management-html5-repo-host-key, metadata=CloudMetadata{guid=67314daa-4cb0-4cc3-bed7-85f1e1283ca4, createdAt=2026-05-14T18:59:12, updatedAt=2026-05-14T18:59:13, url=null}, v3Metadata=Metadata{annotations={mta_id=incident-management, mta_version=1.0.0}, labels={mta_id=65411f2f607a75efbe525f81cfecafad, space_guid=fbd7e39b-aea9-4686-afbf-72d94ec62a35}}, credentials=null, serviceInstance=CloudServiceInstance{name=incident-management-html5-repo-host, metadata=CloudMetadata{guid=87b6173c-22b6-4d45-bd4c-a6b6594299bb, createdAt=2026-05-14T18:58:59, updatedAt=2026-05-14T18:58:59, url=null}, v3Metadata=Metadata{annotations={mta_id=incident-management, mta_version=1.0.0, mta_resource={"name":"incident-management-html5-repo-host"}}, labels={mta_id=65411f2f607a75efbe525f81cfecafad}}, label=null, plan=null, provider=null, broker=null, version=null, credentials={}, syslogDrainUrl=null, tags=[], type=managed, lastOperation=null}, serviceKeyOperation=null, resourceName=null}, DeployedMtaServiceKey{name=incident-management-destinations-incident-management-destination-credentials, metadata=CloudMetadata{guid=00cbab9d-6482-432b-a8bc-c6bc03dac382, createdAt=2026-05-14T18:59:12, updatedAt=2026-05-14T18:59:14, url=null}, v3Metadata=Metadata{annotations={mta_id=incident-management, mta_version=1.0.0}, labels={mta_id=65411f2f607a75efbe525f81cfecafad, space_guid=fbd7e39b-aea9-4686-afbf-72d94ec62a35}}, credentials=null, serviceInstance=CloudServiceInstance{name=incident-management-destination, metadata=CloudMetadata{guid=0c624e56-d1f7-4fdd-bb0d-89431145491a, createdAt=2026-05-14T18:58:57, updatedAt=2026-05-14T18:59, url=null}, v3Metadata=Metadata{annotations={mta_id=incident-management, mta_version=1.0.0, mta_resource={"name":"incident-management-destination"}}, labels={mta_id=65411f2f607a75efbe525f81cfecafad}}, label=null, plan=null, provider=null, broker=null, version=null, credentials={}, syslogDrainUrl=null, tags=[], type=managed, lastOperation=null}, serviceKeyOperation=null, resourceName=null}, DeployedMtaServiceKey{name=incident-management-auth-key, metadata=CloudMetadata{guid=481253d9-4fc5-4a2b-82c0-4bf19acea051, createdAt=2026-05-14T18:59:12, updatedAt=2026-05-14T18:59:13, url=null}, v3Metadata=Metadata{annotations={mta_id=incident-management, mta_version=1.0.0}, labels={mta_id=65411f2f607a75efbe525f81cfecafad, space_guid=fbd7e39b-aea9-4686-afbf-72d94ec62a35}}, credentials=null, serviceInstance=CloudServiceInstance{name=incident-management-auth, metadata=CloudMetadata{guid=cfc97932-9c6b-4faa-b8e7-8938cb1231c6, createdAt=2026-05-14T18:58:56, updatedAt=2026-05-14T18:58:57, url=null}, v3Metadata=Metadata{annotations={mta_id=incident-management, mta_version=1.0.0, mta_resource={"name":"incident-management-auth"}}, labels={mta_id=65411f2f607a75efbe525f81cfecafad}}, label=null, plan=null, provider=null, broker=null, version=null, credentials={}, syslogDrainUrl=null, tags=[], type=managed, lastOperation=null}, serviceKeyOperation=null, resourceName=null}, DeployedMtaServiceKey{name=incident-management-app-deployer-incident-management-html5-repo-host-credentials, metadata=CloudMetadata{guid=957e53d0-7629-4c5d-b509-41d81dfa7c5d, createdAt=2026-05-14T18:59:15, updatedAt=2026-05-14T18:59:16, url=null}, v3Metadata=Metadata{annotations={mta_id=incident-management, mta_version=1.0.0}, labels={mta_id=65411f2f607a75efbe525f81cfecafad, space_guid=fbd7e39b-aea9-4686-afbf-72d94ec62a35}}, credentials=null, serviceInstance=CloudServiceInstance{name=incident-management-html5-repo-host, metadata=CloudMetadata{guid=87b6173c-22b6-4d45-bd4c-a6b6594299bb, createdAt=2026-05-14T18:58:59, updatedAt=2026-05-14T18:58:59, url=null}, v3Metadata=Metadata{annotations={mta_id=incident-management, mta_version=1.0.0, mta_resource={"name":"incident-management-html5-repo-host"}}, labels={mta_id=65411f2f607a75efbe525f81cfecafad}}, label=null, plan=null, provider=null, broker=null, version=null, credentials={}, syslogDrainUrl=null, tags=[], type=managed, lastOperation=null}, serviceKeyOperation=null, resourceName=null}, DeployedMtaServiceKey{name=incident-management-app-deployer-incident-management-auth-credentials, metadata=CloudMetadata{guid=e6a0d6c3-cb67-4eca-a2c9-80f23a4e7f89, createdAt=2026-05-14T18:59:15, updatedAt=2026-05-14T18:59:16, url=null}, v3Metadata=Metadata{annotations={mta_id=incident-management, mta_version=1.0.0}, labels={mta_id=65411f2f607a75efbe525f81cfecafad, space_guid=fbd7e39b-aea9-4686-afbf-72d94ec62a35}}, credentials=null, serviceInstance=CloudServiceInstance{name=incident-management-auth, metadata=CloudMetadata{guid=cfc97932-9c6b-4faa-b8e7-8938cb1231c6, createdAt=2026-05-14T18:58:56, updatedAt=2026-05-14T18:58:57, url=null}, v3Metadata=Metadata{annotations={mta_id=incident-management, mta_version=1.0.0, mta_resource={"name":"incident-management-auth"}}, labels={mta_id=65411f2f607a75efbe525f81cfecafad}}, label=null, plan=null, provider=null, broker=null, version=null, credentials={}, syslogDrainUrl=null, tags=[], type=managed, lastOperation=null}, serviceKeyOperation=null, resourceName=null}]"#
#2026 05 15 08:50:36.403#Z#DEBUG#23b2357c-503b-11f1-8c85-eeee0a9265de.OPERATION#flowable-async-job-executor-thread-28329#
[BuildCloudUndeployModelStep] MTA modules: [incident-management-db-deployer, incident-management-srv]#
#2026 05 15 08:50:36.404#Z#DEBUG#23b2357c-503b-11f1-8c85-eeee0a9265de.OPERATION#flowable-async-job-executor-thread-28329#
[BuildCloudUndeployModelStep] Modules to undeploy: [ {
  "name" : "incident-management-db-deployer",
  "metadata" : {
    "guid" : "3bda7396-6639-445c-a15b-0d262bc1c48d",
    "createdAt" : [ 2026, 5, 14, 18, 59, 11 ],
    "updatedAt" : [ 2026, 5, 14, 20, 22, 48 ]
  },
  "v3Metadata" : {
    "annotations" : {
      "mta_id" : "incident-management",
      "mta_version" : "1.0.0",
      "mta_module" : "{\"name\":\"incident-management-db-deployer\"}",
      "mta_module_provided_dependencies" : "[]",
      "mta_bound_services" : "[\"incident-management-db\"]"
    },
    "labels" : {
      "mta_id" : "65411f2f607a75efbe525f81cfecafad"
    }
  },
  "state" : "STOPPED",
  "lifecycle" : {
    "type" : "BUILDPACK",
    "data" : {
      "buildpacks" : [ "nodejs_buildpack" ],
      "stack" : "cflinuxfs4"
    }
  },
  "space" : {
    "name" : "dev",
    "metadata" : {
      "guid" : "fbd7e39b-aea9-4686-afbf-72d94ec62a35",
      "createdAt" : [ 2026, 5, 12, 9, 14, 1 ],
      "updatedAt" : [ 2026, 5, 12, 9, 14, 1 ]
    },
    "organization" : {
      "name" : "922f8253trial",
      "metadata" : {
        "guid" : "14eeb614-6e79-4ebc-aaef-3126f44263da",
        "createdAt" : [ 2026, 5, 12, 9, 13, 59 ],
        "updatedAt" : [ 2026, 5, 12, 9, 14, 1 ]
      }
    }
  },
  "moduleName" : "incident-management-db-deployer",
  "boundMtaServices" : [ "incident-management-db" ],
  "providedDependencyNames" : [ ],
  "productizationState" : "LIVE"
}, {
  "name" : "incident-management-srv",
  "metadata" : {
    "guid" : "b7e7f973-4284-4cee-ad4e-7adafe4723d2",
    "createdAt" : [ 2026, 5, 14, 18, 59, 13 ],
    "updatedAt" : [ 2026, 5, 15, 0, 12, 9 ]
  },
  "v3Metadata" : {
    "annotations" : {
      "mta_id" : "incident-management",
      "mta_version" : "1.0.0",
      "mta_module" : "{\"name\":\"incident-management-srv\"}",
      "mta_module_provided_dependencies" : "[]",
      "mta_bound_services" : "********"
    },
    "labels" : {
      "mta_id" : "65411f2f607a75efbe525f81cfecafad"
    }
  },
  "state" : "STOPPED",
  "lifecycle" : {
    "type" : "BUILDPACK",
    "data" : {
      "buildpacks" : [ "nodejs_buildpack" ],
      "stack" : "cflinuxfs4"
    }
  },
  "space" : {
    "name" : "dev",
    "metadata" : {
      "guid" : "fbd7e39b-aea9-4686-afbf-72d94ec62a35",
      "createdAt" : [ 2026, 5, 12, 9, 14, 1 ],
      "updatedAt" : [ 2026, 5, 12, 9, 14, 1 ]
    },
    "organization" : {
      "name" : "922f8253trial",
      "metadata" : {
        "guid" : "14eeb614-6e79-4ebc-aaef-3126f44263da",
        "createdAt" : [ 2026, 5, 12, 9, 13, 59 ],
        "updatedAt" : [ 2026, 5, 12, 9, 14, 1 ]
      }
    }
  },
  "moduleName" : "incident-management-srv",
  "boundMtaServices" : [ "********", "incident-management-db", "incident-management-destination" ],
  "providedDependencyNames" : [ ],
  "productizationState" : "LIVE"
} ]#
#2026 05 15 08:50:36.404#Z#DEBUG#23b2357c-503b-11f1-8c85-eeee0a9265de.OPERATION#flowable-async-job-executor-thread-28329#
[BuildCloudUndeployModelStep] Modules that won't be changed: [ ]#
#2026 05 15 08:50:36.405#Z#DEBUG#23b2357c-503b-11f1-8c85-eeee0a9265de.OPERATION#flowable-async-job-executor-thread-28329#
[BuildCloudUndeployModelStep] Subscriptions to delete: [ ]#
#2026 05 15 08:50:36.407#Z#DEBUG#23b2357c-503b-11f1-8c85-eeee0a9265de.OPERATION#flowable-async-job-executor-thread-28329#
[BuildCloudUndeployModelStep] Cloud services to delete: [incident-management-auth, incident-management-db, incident-management-destination, incident-management-html5-repo-host]#
#2026 05 15 08:50:36.407#Z#DEBUG#23b2357c-503b-11f1-8c85-eeee0a9265de.OPERATION#flowable-async-job-executor-thread-28329#
[BuildCloudUndeployModelStep] Getting application "incident-management-db-deployer"...#
#2026 05 15 08:50:36.447#Z#DEBUG#23b2357c-503b-11f1-8c85-eeee0a9265de.OPERATION#flowable-async-job-executor-thread-28329#
[BuildCloudUndeployModelStep] Getting application "incident-management-srv"...#
#2026 05 15 08:50:36.494#Z#DEBUG#23b2357c-503b-11f1-8c85-eeee0a9265de.OPERATION#flowable-async-job-executor-thread-28329#
[BuildCloudUndeployModelStep] Cloud applications to undeploy: [ {
  "name" : "incident-management-db-deployer",
  "metadata" : {
    "guid" : "3bda7396-6639-445c-a15b-0d262bc1c48d",
    "createdAt" : [ 2026, 5, 14, 18, 59, 11 ],
    "updatedAt" : [ 2026, 5, 14, 20, 22, 48 ]
  },
  "v3Metadata" : {
    "annotations" : {
      "mta_id" : "incident-management",
      "mta_version" : "1.0.0",
      "mta_module" : "{\"name\":\"incident-management-db-deployer\"}",
      "mta_module_provided_dependencies" : "[]",
      "mta_bound_services" : "[\"incident-management-db\"]"
    },
    "labels" : {
      "mta_id" : "65411f2f607a75efbe525f81cfecafad"
    }
  },
  "state" : "STOPPED",
  "lifecycle" : {
    "type" : "BUILDPACK",
    "data" : {
      "buildpacks" : [ "nodejs_buildpack" ],
      "stack" : "cflinuxfs4"
    }
  },
  "space" : {
    "name" : "dev",
    "metadata" : {
      "guid" : "fbd7e39b-aea9-4686-afbf-72d94ec62a35",
      "createdAt" : [ 2026, 5, 12, 9, 14, 1 ],
      "updatedAt" : [ 2026, 5, 12, 9, 14, 1 ]
    },
    "organization" : {
      "name" : "922f8253trial",
      "metadata" : {
        "guid" : "14eeb614-6e79-4ebc-aaef-3126f44263da",
        "createdAt" : [ 2026, 5, 12, 9, 13, 59 ],
        "updatedAt" : [ 2026, 5, 12, 9, 14, 1 ]
      }
    }
  }
}, {
  "name" : "incident-management-srv",
  "metadata" : {
    "guid" : "b7e7f973-4284-4cee-ad4e-7adafe4723d2",
    "createdAt" : [ 2026, 5, 14, 18, 59, 13 ],
    "updatedAt" : [ 2026, 5, 15, 0, 12, 9 ]
  },
  "v3Metadata" : {
    "annotations" : {
      "mta_id" : "incident-management",
      "mta_version" : "1.0.0",
      "mta_module" : "{\"name\":\"incident-management-srv\"}",
      "mta_module_provided_dependencies" : "[]",
      "mta_bound_services" : "********"
    },
    "labels" : {
      "mta_id" : "65411f2f607a75efbe525f81cfecafad"
    }
  },
  "state" : "STOPPED",
  "lifecycle" : {
    "type" : "BUILDPACK",
    "data" : {
      "buildpacks" : [ "nodejs_buildpack" ],
      "stack" : "cflinuxfs4"
    }
  },
  "space" : {
    "name" : "dev",
    "metadata" : {
      "guid" : "fbd7e39b-aea9-4686-afbf-72d94ec62a35",
      "createdAt" : [ 2026, 5, 12, 9, 14, 1 ],
      "updatedAt" : [ 2026, 5, 12, 9, 14, 1 ]
    },
    "organization" : {
      "name" : "922f8253trial",
      "metadata" : {
        "guid" : "14eeb614-6e79-4ebc-aaef-3126f44263da",
        "createdAt" : [ 2026, 5, 12, 9, 13, 59 ],
        "updatedAt" : [ 2026, 5, 12, 9, 14, 1 ]
      }
    }
  }
} ]#
#2026 05 15 08:50:36.495#Z#DEBUG#23b2357c-503b-11f1-8c85-eeee0a9265de.OPERATION#flowable-async-job-executor-thread-28329#
[BuildCloudUndeployModelStep] Cloud undeployment model built#
#2026 05 15 08:50:36.495#Z#DEBUG#23b2357c-503b-11f1-8c85-eeee0a9265de.OPERATION#flowable-async-job-executor-thread-28329#
Step "Build Undeploy Model" finished#
#2026 05 15 08:50:36.551#Z#DEBUG#23b2357c-503b-11f1-8c85-eeee0a9265de.OPERATION#flowable-async-job-executor-thread-28329#
[DeleteSubscriptionsStep] Executing task "deleteSubscriptionsTask" of process "23b2358e-503b-11f1-8c85-eeee0a9265de"...#
#2026 05 15 08:50:36.553#Z#DEBUG#23b2357c-503b-11f1-8c85-eeee0a9265de.OPERATION#flowable-async-job-executor-thread-28329#
[DeleteSubscriptionsStep] Deleting discontinued subscriptions...#
#2026 05 15 08:50:36.554#Z#DEBUG#23b2357c-503b-11f1-8c85-eeee0a9265de.OPERATION#flowable-async-job-executor-thread-28329#
[DeleteSubscriptionsStep] Subscriptions to delete: [ ]#
#2026 05 15 08:50:36.554#Z#DEBUG#23b2357c-503b-11f1-8c85-eeee0a9265de.OPERATION#flowable-async-job-executor-thread-28329#
[DeleteSubscriptionsStep] Deleted discontinued subscriptions#
#2026 05 15 08:50:36.554#Z#DEBUG#23b2357c-503b-11f1-8c85-eeee0a9265de.OPERATION#flowable-async-job-executor-thread-28329#
Step "Delete Subscriptions" finished#
#2026 05 15 08:50:36.607#Z#DEBUG#23b2357c-503b-11f1-8c85-eeee0a9265de.OPERATION#flowable-async-job-executor-thread-28327#
[DeleteDiscontinuedConfigurationEntriesStep] Executing task "deleteDiscontinuedConfigurationEntriesTask" of process "23b2358e-503b-11f1-8c85-eeee0a9265de"...#
#2026 05 15 08:50:36.608#Z#DEBUG#23b2357c-503b-11f1-8c85-eeee0a9265de.OPERATION#flowable-async-job-executor-thread-28327#
[DeleteDiscontinuedConfigurationEntriesStep] Deleting discontinued published dependencies...#
#2026 05 15 08:50:36.693#Z#DEBUG#23b2357c-503b-11f1-8c85-eeee0a9265de.OPERATION#flowable-async-job-executor-thread-28327#
[DeleteDiscontinuedConfigurationEntriesStep] Deleted entries: [ ]#
#2026 05 15 08:50:36.693#Z#DEBUG#23b2357c-503b-11f1-8c85-eeee0a9265de.OPERATION#flowable-async-job-executor-thread-28327#
[DeleteDiscontinuedConfigurationEntriesStep] Discontinued published dependencies deleted#
#2026 05 15 08:50:36.693#Z#DEBUG#23b2357c-503b-11f1-8c85-eeee0a9265de.OPERATION#flowable-async-job-executor-thread-28327#
Step "Delete Discontinued Configuration Entries" finished#
#2026 05 15 08:50:36.747#Z#DEBUG#23b2357c-503b-11f1-8c85-eeee0a9265de.OPERATION#flowable-async-job-executor-thread-28326#
[DeleteServiceBrokersStep] Executing task "deleteServiceBrokersTask" of process "23b2358e-503b-11f1-8c85-eeee0a9265de"...#
#2026 05 15 08:50:36.749#Z#DEBUG#23b2357c-503b-11f1-8c85-eeee0a9265de.OPERATION#flowable-async-job-executor-thread-28326#
[DeleteServiceBrokersStep] Deleting discontinued service brokers...#
#2026 05 15 08:50:36.752#Z#DEBUG#23b2357c-503b-11f1-8c85-eeee0a9265de.OPERATION#flowable-async-job-executor-thread-28326#
[DeleteServiceBrokersStep] Getting environment of application "3bda7396-6639-445c-a15b-0d262bc1c48d"...#
#2026 05 15 08:50:36.789#Z#DEBUG#23b2357c-503b-11f1-8c85-eeee0a9265de.OPERATION#flowable-async-job-executor-thread-28326#
[DeleteServiceBrokersStep] Getting environment of application "b7e7f973-4284-4cee-ad4e-7adafe4723d2"...#
#2026 05 15 08:50:36.827#Z#DEBUG#23b2357c-503b-11f1-8c85-eeee0a9265de.OPERATION#flowable-async-job-executor-thread-28326#
[DeleteServiceBrokersStep] Discontinued service brokers deleted#
#2026 05 15 08:50:36.827#Z#DEBUG#23b2357c-503b-11f1-8c85-eeee0a9265de.OPERATION#flowable-async-job-executor-thread-28326#
Step "Delete Service Brokers" finished#
#2026 05 15 08:50:36.999#Z#DEBUG#23b2357c-503b-11f1-8c85-eeee0a9265de.OPERATION#flowable-async-job-executor-thread-28325#
[DeleteApplicationRoutesStep] Executing task "deleteApplicationRoutesTask" of process "2466df3f-503b-11f1-8c85-eeee0a9265de"...#
#2026 05 15 08:50:37.001#Z#INFO#23b2357c-503b-11f1-8c85-eeee0a9265de.OPERATION#flowable-async-job-executor-thread-28325#
[DeleteApplicationRoutesStep] Deleting routes for application "incident-management-db-deployer"...#
#2026 05 15 08:50:37.013#Z#DEBUG#23b2357c-503b-11f1-8c85-eeee0a9265de.OPERATION#flowable-async-job-executor-thread-28325#
[DeleteApplicationRoutesStep] Getting routes for application "3bda7396-6639-445c-a15b-0d262bc1c48d"...#
#2026 05 15 08:50:37.045#Z#DEBUG#23b2357c-503b-11f1-8c85-eeee0a9265de.OPERATION#flowable-async-job-executor-thread-28325#
[DeleteApplicationRoutesStep] Routes for application incident-management-db-deployer: [ ]#
#2026 05 15 08:50:37.045#Z#DEBUG#23b2357c-503b-11f1-8c85-eeee0a9265de.OPERATION#flowable-async-job-executor-thread-28325#
[DeleteApplicationRoutesStep] Updating URIs of application "incident-management-db-deployer" to: #
#2026 05 15 08:50:37.121#Z#DEBUG#23b2357c-503b-11f1-8c85-eeee0a9265de.OPERATION#flowable-async-job-executor-thread-28325#
[DeleteApplicationRoutesStep] App routes for applications "incident-management-db-deployer" deleted#
#2026 05 15 08:50:37.121#Z#DEBUG#23b2357c-503b-11f1-8c85-eeee0a9265de.OPERATION#flowable-async-job-executor-thread-28325#
Step "Delete Application Routes Step" finished#
#2026 05 15 08:50:37.178#Z#DEBUG#23b2357c-503b-11f1-8c85-eeee0a9265de.OPERATION#flowable-async-job-executor-thread-28325#
[StopApplicationUndeploymentStep] Executing task "stopApplicationUndeploymentTask" of process "2466df3f-503b-11f1-8c85-eeee0a9265de"...#
#2026 05 15 08:50:37.181#Z#INFO#23b2357c-503b-11f1-8c85-eeee0a9265de.OPERATION#flowable-async-job-executor-thread-28325#
[StopApplicationUndeploymentStep] Stopping application "incident-management-db-deployer"...#
#2026 05 15 08:50:37.190#Z#DEBUG#23b2357c-503b-11f1-8c85-eeee0a9265de.OPERATION#flowable-async-job-executor-thread-28325#
[StopApplicationUndeploymentStep] Stopping application "incident-management-db-deployer"...#
#2026 05 15 08:50:37.235#Z#DEBUG#23b2357c-503b-11f1-8c85-eeee0a9265de.OPERATION#flowable-async-job-executor-thread-28325#
[StopApplicationUndeploymentStep] Application "incident-management-db-deployer" stopped#
#2026 05 15 08:50:37.235#Z#DEBUG#23b2357c-503b-11f1-8c85-eeee0a9265de.OPERATION#flowable-async-job-executor-thread-28325#
[StopApplicationUndeploymentStep] Getting environment of application "incident-management-db-deployer"...#
#2026 05 15 08:50:37.310#Z#DEBUG#23b2357c-503b-11f1-8c85-eeee0a9265de.OPERATION#flowable-async-job-executor-thread-28325#
Step "Stop Application Undeployment Step" finished#
#2026 05 15 08:50:37.176#Z#DEBUG#23b2357c-503b-11f1-8c85-eeee0a9265de.OPERATION#flowable-async-job-executor-thread-28324#
[DeleteApplicationRoutesStep] Executing task "deleteApplicationRoutesTask" of process "2482cc02-503b-11f1-8c85-eeee0a9265de"...#
#2026 05 15 08:50:37.178#Z#INFO#23b2357c-503b-11f1-8c85-eeee0a9265de.OPERATION#flowable-async-job-executor-thread-28324#
[DeleteApplicationRoutesStep] Deleting routes for application "incident-management-srv"...#
#2026 05 15 08:50:37.190#Z#DEBUG#23b2357c-503b-11f1-8c85-eeee0a9265de.OPERATION#flowable-async-job-executor-thread-28324#
[DeleteApplicationRoutesStep] Getting routes for application "b7e7f973-4284-4cee-ad4e-7adafe4723d2"...#
#2026 05 15 08:50:37.229#Z#DEBUG#23b2357c-503b-11f1-8c85-eeee0a9265de.OPERATION#flowable-async-job-executor-thread-28324#
[DeleteApplicationRoutesStep] Routes for application incident-management-srv: [ ]#
#2026 05 15 08:50:37.229#Z#DEBUG#23b2357c-503b-11f1-8c85-eeee0a9265de.OPERATION#flowable-async-job-executor-thread-28324#
[DeleteApplicationRoutesStep] Updating URIs of application "incident-management-srv" to: #
#2026 05 15 08:50:37.314#Z#DEBUG#23b2357c-503b-11f1-8c85-eeee0a9265de.OPERATION#flowable-async-job-executor-thread-28324#
[DeleteApplicationRoutesStep] App routes for applications "incident-management-srv" deleted#
#2026 05 15 08:50:37.314#Z#DEBUG#23b2357c-503b-11f1-8c85-eeee0a9265de.OPERATION#flowable-async-job-executor-thread-28324#
Step "Delete Application Routes Step" finished#
#2026 05 15 08:50:37.368#Z#DEBUG#23b2357c-503b-11f1-8c85-eeee0a9265de.OPERATION#flowable-async-job-executor-thread-28325#
[DetermineServiceBindingsToDeleteStep] Executing task "sid-DFD29F59-3CDA-4F18-876E-E675418FFF0E" of process "2466df3f-503b-11f1-8c85-eeee0a9265de"...#
#2026 05 15 08:50:37.369#Z#DEBUG#23b2357c-503b-11f1-8c85-eeee0a9265de.OPERATION#flowable-async-job-executor-thread-28325#
[DetermineServiceBindingsToDeleteStep] Getting application guid "incident-management-db-deployer"...#
#2026 05 15 08:50:37.412#Z#DEBUG#23b2357c-503b-11f1-8c85-eeee0a9265de.OPERATION#flowable-async-job-executor-thread-28325#
[DetermineServiceBindingsToDeleteStep] Getting bindings of application "3bda7396-6639-445c-a15b-0d262bc1c48d"...#
#2026 05 15 08:50:37.439#Z#DEBUG#23b2357c-503b-11f1-8c85-eeee0a9265de.OPERATION#flowable-async-job-executor-thread-28325#
[DetermineServiceBindingsToDeleteStep] Existing service bindings "[ {
  "metadata" : {
    "guid" : "5598be66-48a6-46e1-928f-3fe8bf50b4d5",
    "createdAt" : [ 2026, 5, 14, 18, 59, 12 ],
    "updatedAt" : [ 2026, 5, 14, 18, 59, 18 ]
  },
  "applicationGuid" : "3bda7396-6639-445c-a15b-0d262bc1c48d",
  "serviceInstanceGuid" : "aaa2cd59-94f2-46c0-970b-e090bfe4a99a",
  "serviceBindingOperation" : {
    "type" : "DELETE",
    "state" : "FAILED",
    "description" : "Failed to drop service binding '5598be66-48a6-46e1-928f-3fe8bf50b4d5' for instance 'aaa2cd59-94f2-46c0-970b-e090bfe4a99a' on database 'a39c7de3-6f67-45ce-beb8-e90a708f62b9' (a39c7de3-6f67-45ce-beb8-e90a708f62b9.hna1.prod-us10.hanacloud.ondemand.com:443), because of: Failed to open connection to the database, because of: failed to get connection to database 'a39c7de3-6f67-45ce-beb8-e90a708f62b9' (a39c7de3-6f67-45ce-beb8-e90a708f62b9.hna1.prod-us10.hanacloud.ondemand.com:443), because of: SAP DBTech JDBC: [1890]: HANA Database instance is stopped",
    "createdAt" : [ 2026, 5, 15, 8, 45, 45 ],
    "updatedAt" : [ 2026, 5, 15, 8, 45, 45 ]
  }
} ]"#
#2026 05 15 08:50:37.439#Z#DEBUG#23b2357c-503b-11f1-8c85-eeee0a9265de.OPERATION#flowable-async-job-executor-thread-28325#
Step "Determine Service Bindings to Delete" finished#
#2026 05 15 08:50:37.365#Z#DEBUG#23b2357c-503b-11f1-8c85-eeee0a9265de.OPERATION#flowable-async-job-executor-thread-28324#
[StopApplicationUndeploymentStep] Executing task "stopApplicationUndeploymentTask" of process "2482cc02-503b-11f1-8c85-eeee0a9265de"...#
#2026 05 15 08:50:37.367#Z#INFO#23b2357c-503b-11f1-8c85-eeee0a9265de.OPERATION#flowable-async-job-executor-thread-28324#
[StopApplicationUndeploymentStep] Stopping application "incident-management-srv"...#
#2026 05 15 08:50:37.374#Z#DEBUG#23b2357c-503b-11f1-8c85-eeee0a9265de.OPERATION#flowable-async-job-executor-thread-28324#
[StopApplicationUndeploymentStep] Stopping application "incident-management-srv"...#
#2026 05 15 08:50:37.417#Z#DEBUG#23b2357c-503b-11f1-8c85-eeee0a9265de.OPERATION#flowable-async-job-executor-thread-28324#
[StopApplicationUndeploymentStep] Application "incident-management-srv" stopped#
#2026 05 15 08:50:37.418#Z#DEBUG#23b2357c-503b-11f1-8c85-eeee0a9265de.OPERATION#flowable-async-job-executor-thread-28324#
[StopApplicationUndeploymentStep] Getting environment of application "incident-management-srv"...#
#2026 05 15 08:50:37.497#Z#DEBUG#23b2357c-503b-11f1-8c85-eeee0a9265de.OPERATION#flowable-async-job-executor-thread-28324#
Step "Stop Application Undeployment Step" finished#
#2026 05 15 08:50:37.562#Z#DEBUG#23b2357c-503b-11f1-8c85-eeee0a9265de.OPERATION#flowable-async-job-executor-thread-28325#
[CheckServiceBindingOperationStep] Executing task "checkForServiceBindingOperationInProgress" of process "24c0708d-503b-11f1-8c85-eeee0a9265de"...#
#2026 05 15 08:50:37.562#Z#DEBUG#23b2357c-503b-11f1-8c85-eeee0a9265de.OPERATION#flowable-async-job-executor-thread-28325#
[CheckServiceBindingOperationStep] Service binding "5598be66-48a6-46e1-928f-3fe8bf50b4d5" scheduled for deletion#
#2026 05 15 08:50:37.562#Z#DEBUG#23b2357c-503b-11f1-8c85-eeee0a9265de.OPERATION#flowable-async-job-executor-thread-28325#
[CheckServiceBindingOperationStep] Service binding operation "5598be66-48a6-46e1-928f-3fe8bf50b4d5" with type "delete" is in state "failed"#
#2026 05 15 08:50:37.562#Z#WARN#23b2357c-503b-11f1-8c85-eeee0a9265de.OPERATION#flowable-async-job-executor-thread-28325#
[CheckServiceBindingOperationStep] Service binding "5598be66-48a6-46e1-928f-3fe8bf50b4d5" exists in broken state, will be recreated#
#2026 05 15 08:50:37.564#Z#DEBUG#23b2357c-503b-11f1-8c85-eeee0a9265de.OPERATION#flowable-async-job-executor-thread-28325#
Step "Check For Service Binding Operation In Progress" finished#
#2026 05 15 08:50:37.547#Z#DEBUG#23b2357c-503b-11f1-8c85-eeee0a9265de.OPERATION#flowable-async-job-executor-thread-28324#
[DetermineServiceBindingsToDeleteStep] Executing task "sid-DFD29F59-3CDA-4F18-876E-E675418FFF0E" of process "2482cc02-503b-11f1-8c85-eeee0a9265de"...#
#2026 05 15 08:50:37.549#Z#DEBUG#23b2357c-503b-11f1-8c85-eeee0a9265de.OPERATION#flowable-async-job-executor-thread-28324#
[DetermineServiceBindingsToDeleteStep] Getting application guid "incident-management-srv"...#
#2026 05 15 08:50:37.590#Z#DEBUG#23b2357c-503b-11f1-8c85-eeee0a9265de.OPERATION#flowable-async-job-executor-thread-28324#
[DetermineServiceBindingsToDeleteStep] Getting bindings of application "b7e7f973-4284-4cee-ad4e-7adafe4723d2"...#
#2026 05 15 08:50:37.632#Z#DEBUG#23b2357c-503b-11f1-8c85-eeee0a9265de.OPERATION#flowable-async-job-executor-thread-28324#
[DetermineServiceBindingsToDeleteStep] Existing service bindings "[ {
  "metadata" : {
    "guid" : "5f31f8fa-ba74-49cf-85a1-9cd9812ffd8f",
    "createdAt" : [ 2026, 5, 14, 18, 59, 15 ],
    "updatedAt" : [ 2026, 5, 14, 18, 59, 21 ]
  },
  "applicationGuid" : "b7e7f973-4284-4cee-ad4e-7adafe4723d2",
  "serviceInstanceGuid" : "aaa2cd59-94f2-46c0-970b-e090bfe4a99a",
  "serviceBindingOperation" : {
    "type" : "DELETE",
    "state" : "FAILED",
    "description" : "Failed to drop service binding '5f31f8fa-ba74-49cf-85a1-9cd9812ffd8f' for instance 'aaa2cd59-94f2-46c0-970b-e090bfe4a99a' on database 'a39c7de3-6f67-45ce-beb8-e90a708f62b9' (a39c7de3-6f67-45ce-beb8-e90a708f62b9.hna1.prod-us10.hanacloud.ondemand.com:443), because of: Failed to open connection to the database, because of: failed to get connection to database 'a39c7de3-6f67-45ce-beb8-e90a708f62b9' (a39c7de3-6f67-45ce-beb8-e90a708f62b9.hna1.prod-us10.hanacloud.ondemand.com:443), because of: SAP DBTech JDBC: [1890]: HANA Database instance is stopped",
    "createdAt" : [ 2026, 5, 15, 8, 45, 45 ],
    "updatedAt" : [ 2026, 5, 15, 8, 45, 45 ]
  }
} ]"#
#2026 05 15 08:50:37.632#Z#DEBUG#23b2357c-503b-11f1-8c85-eeee0a9265de.OPERATION#flowable-async-job-executor-thread-28324#
Step "Determine Service Bindings to Delete" finished#
#2026 05 15 08:50:37.612#Z#DEBUG#23b2357c-503b-11f1-8c85-eeee0a9265de.OPERATION#flowable-async-job-executor-thread-28325#
[DetermineApplicationServiceBindingActionsStep] Executing task "determineApplicationServiceBindingActionsTask" of process "24c0708d-503b-11f1-8c85-eeee0a9265de"...#
#2026 05 15 08:50:37.613#Z#DEBUG#23b2357c-503b-11f1-8c85-eeee0a9265de.OPERATION#flowable-async-job-executor-thread-28325#
[DetermineApplicationServiceBindingActionsStep] Getting service instance name "aaa2cd59-94f2-46c0-970b-e090bfe4a99a"...#
#2026 05 15 08:50:37.660#Z#DEBUG#23b2357c-503b-11f1-8c85-eeee0a9265de.OPERATION#flowable-async-job-executor-thread-28325#
[DetermineApplicationServiceBindingActionsStep] Will unbind service instance "incident-management-db" from app "incident-management-db-deployer"#
#2026 05 15 08:50:37.660#Z#DEBUG#23b2357c-503b-11f1-8c85-eeee0a9265de.OPERATION#flowable-async-job-executor-thread-28325#
[DetermineApplicationServiceBindingActionsStep] Calculated binding operations between application "incident-management-db-deployer" and service instance "incident-management-db": unbind - true bind - false#
#2026 05 15 08:50:37.660#Z#DEBUG#23b2357c-503b-11f1-8c85-eeee0a9265de.OPERATION#flowable-async-job-executor-thread-28325#
Step "Determine Application Service Binding Actions" finished#
#2026 05 15 08:50:37.743#Z#DEBUG#23b2357c-503b-11f1-8c85-eeee0a9265de.OPERATION#flowable-async-job-executor-thread-28324#
[CheckServiceBindingOperationStep] Executing task "checkForServiceBindingOperationInProgress" of process "24dcab56-503b-11f1-8c85-eeee0a9265de"...#
#2026 05 15 08:50:37.743#Z#DEBUG#23b2357c-503b-11f1-8c85-eeee0a9265de.OPERATION#flowable-async-job-executor-thread-28324#
[CheckServiceBindingOperationStep] Service binding "5f31f8fa-ba74-49cf-85a1-9cd9812ffd8f" scheduled for deletion#
#2026 05 15 08:50:37.743#Z#DEBUG#23b2357c-503b-11f1-8c85-eeee0a9265de.OPERATION#flowable-async-job-executor-thread-28324#
[CheckServiceBindingOperationStep] Service binding operation "5f31f8fa-ba74-49cf-85a1-9cd9812ffd8f" with type "delete" is in state "failed"#
#2026 05 15 08:50:37.743#Z#WARN#23b2357c-503b-11f1-8c85-eeee0a9265de.OPERATION#flowable-async-job-executor-thread-28324#
[CheckServiceBindingOperationStep] Service binding "5f31f8fa-ba74-49cf-85a1-9cd9812ffd8f" exists in broken state, will be recreated#
#2026 05 15 08:50:37.744#Z#DEBUG#23b2357c-503b-11f1-8c85-eeee0a9265de.OPERATION#flowable-async-job-executor-thread-28324#
Step "Check For Service Binding Operation In Progress" finished#
#2026 05 15 08:50:37.706#Z#DEBUG#23b2357c-503b-11f1-8c85-eeee0a9265de.OPERATION#flowable-async-job-executor-thread-28325#
[UnbindServiceFromApplicationStep] Executing task "unbindServiceFromApplicationTask" of process "24c0708d-503b-11f1-8c85-eeee0a9265de"...#
#2026 05 15 08:50:37.709#Z#DEBUG#23b2357c-503b-11f1-8c85-eeee0a9265de.OPERATION#flowable-async-job-executor-thread-28325#
[UnbindServiceFromApplicationStep] Deleting service binding "5598be66-48a6-46e1-928f-3fe8bf50b4d5"...#
#2026 05 15 08:50:37.757#Z#DEBUG#23b2357c-503b-11f1-8c85-eeee0a9265de.OPERATION#flowable-async-job-executor-thread-28325#
Step "Unbind Service from Application" finished#
#2026 05 15 08:50:37.801#Z#DEBUG#23b2357c-503b-11f1-8c85-eeee0a9265de.OPERATION#flowable-async-job-executor-thread-28324#
[DetermineApplicationServiceBindingActionsStep] Executing task "determineApplicationServiceBindingActionsTask" of process "24dcab56-503b-11f1-8c85-eeee0a9265de"...#
#2026 05 15 08:50:37.802#Z#DEBUG#23b2357c-503b-11f1-8c85-eeee0a9265de.OPERATION#flowable-async-job-executor-thread-28324#
[DetermineApplicationServiceBindingActionsStep] Getting service instance name "aaa2cd59-94f2-46c0-970b-e090bfe4a99a"...#
#2026 05 15 08:50:37.835#Z#DEBUG#23b2357c-503b-11f1-8c85-eeee0a9265de.OPERATION#flowable-async-job-executor-thread-28324#
[DetermineApplicationServiceBindingActionsStep] Will unbind service instance "incident-management-db" from app "incident-management-srv"#
#2026 05 15 08:50:37.835#Z#DEBUG#23b2357c-503b-11f1-8c85-eeee0a9265de.OPERATION#flowable-async-job-executor-thread-28324#
[DetermineApplicationServiceBindingActionsStep] Calculated binding operations between application "incident-management-srv" and service instance "incident-management-db": unbind - true bind - false#
#2026 05 15 08:50:37.835#Z#DEBUG#23b2357c-503b-11f1-8c85-eeee0a9265de.OPERATION#flowable-async-job-executor-thread-28324#
Step "Determine Application Service Binding Actions" finished#
#2026 05 15 08:50:37.885#Z#DEBUG#23b2357c-503b-11f1-8c85-eeee0a9265de.OPERATION#flowable-async-job-executor-thread-28324#
[UnbindServiceFromApplicationStep] Executing task "unbindServiceFromApplicationTask" of process "24dcab56-503b-11f1-8c85-eeee0a9265de"...#
#2026 05 15 08:50:37.887#Z#DEBUG#23b2357c-503b-11f1-8c85-eeee0a9265de.OPERATION#flowable-async-job-executor-thread-28324#
[UnbindServiceFromApplicationStep] Deleting service binding "5f31f8fa-ba74-49cf-85a1-9cd9812ffd8f"...#
#2026 05 15 08:50:37.933#Z#DEBUG#23b2357c-503b-11f1-8c85-eeee0a9265de.OPERATION#flowable-async-job-executor-thread-28324#
Step "Unbind Service from Application" finished#
#2026 05 15 08:50:52.634#Z#DEBUG#23b2357c-503b-11f1-8c85-eeee0a9265de.OPERATION#flowable-async-job-executor-thread-53198#
[UnbindServiceFromApplicationStep] Executing task "unbindServiceFromApplicationTask" of process "24c0708d-503b-11f1-8c85-eeee0a9265de"...#
#2026 05 15 08:50:52.640#Z#DEBUG#23b2357c-503b-11f1-8c85-eeee0a9265de.OPERATION#flowable-async-job-executor-thread-53200#
[UnbindServiceFromApplicationStep] Executing task "unbindServiceFromApplicationTask" of process "24dcab56-503b-11f1-8c85-eeee0a9265de"...#
#2026 05 15 08:50:52.688#Z#DEBUG#23b2357c-503b-11f1-8c85-eeee0a9265de.OPERATION#flowable-async-job-executor-thread-53198#
[UnbindServiceFromApplicationStep] Getting async job "e401f50b-8e80-46c8-8f88-e6ac6700201e"#
#2026 05 15 08:50:52.691#Z#DEBUG#23b2357c-503b-11f1-8c85-eeee0a9265de.OPERATION#flowable-async-job-executor-thread-53200#
[UnbindServiceFromApplicationStep] Getting async job "1eaacfcd-52fe-4254-87c2-8b16314a6f17"#
#2026 05 15 08:50:52.727#Z#ERROR#23b2357c-503b-11f1-8c85-eeee0a9265de.OPERATION#flowable-async-job-executor-thread-53200#
[UnbindServiceFromApplicationStep] Async operation for service binding "1eaacfcd-52fe-4254-87c2-8b16314a6f17" between app "incident-management-srv" and service instance "null" failed: Instance not found. Cause: 10009 CF-UnableToPerform delete could not be completed: VCAP::CloudController::V3::LastOperationFailedState#
#2026 05 15 08:50:52.727#Z#ERROR#23b2357c-503b-11f1-8c85-eeee0a9265de.OPERATION#flowable-async-job-executor-thread-53198#
[UnbindServiceFromApplicationStep] Async operation for service binding "e401f50b-8e80-46c8-8f88-e6ac6700201e" between app "incident-management-db-deployer" and service instance "null" failed: Instance not found. Cause: 10009 CF-UnableToPerform delete could not be completed: VCAP::CloudController::V3::LastOperationFailedState#
#2026 05 15 08:50:52.733#Z#INFO#23b2357c-503b-11f1-8c85-eeee0a9265de.OPERATION#flowable-async-job-executor-thread-53200#
[UnbindServiceFromApplicationStep] Download the MTA operation logs for more details.#
#2026 05 15 08:50:52.738#Z#DEBUG#23b2357c-503b-11f1-8c85-eeee0a9265de.OPERATION#flowable-async-job-executor-thread-53200#
Step "Unbind Service from Application" finished#
#2026 05 15 08:50:52.748#Z#INFO#23b2357c-503b-11f1-8c85-eeee0a9265de.OPERATION#flowable-async-job-executor-thread-53198#
[UnbindServiceFromApplicationStep] Download the MTA operation logs for more details.#
#2026 05 15 08:50:52.753#Z#DEBUG#23b2357c-503b-11f1-8c85-eeee0a9265de.OPERATION#flowable-async-job-executor-thread-53198#
Step "Unbind Service from Application" finished#
#2026 05 15 08:50:54.233#Z#DEBUG#23b2357c-503b-11f1-8c85-eeee0a9265de.OPERATION#flowable-async-job-executor-thread-28333#
[UnbindServiceFromApplicationStep] Executing task "unbindServiceFromApplicationTask" of process "24c0708d-503b-11f1-8c85-eeee0a9265de"...#
#2026 05 15 08:50:54.236#Z#DEBUG#23b2357c-503b-11f1-8c85-eeee0a9265de.OPERATION#flowable-async-job-executor-thread-28333#
[UnbindServiceFromApplicationStep] Deleting service binding "5598be66-48a6-46e1-928f-3fe8bf50b4d5"...#
#2026 05 15 08:50:54.256#Z#DEBUG#23b2357c-503b-11f1-8c85-eeee0a9265de.OPERATION#flowable-async-job-executor-thread-28334#
[UnbindServiceFromApplicationStep] Executing task "unbindServiceFromApplicationTask" of process "24dcab56-503b-11f1-8c85-eeee0a9265de"...#
#2026 05 15 08:50:54.260#Z#DEBUG#23b2357c-503b-11f1-8c85-eeee0a9265de.OPERATION#flowable-async-job-executor-thread-28334#
[UnbindServiceFromApplicationStep] Deleting service binding "5f31f8fa-ba74-49cf-85a1-9cd9812ffd8f"...#
#2026 05 15 08:50:54.288#Z#DEBUG#23b2357c-503b-11f1-8c85-eeee0a9265de.OPERATION#flowable-async-job-executor-thread-28333#
Step "Unbind Service from Application" finished#
#2026 05 15 08:50:54.303#Z#DEBUG#23b2357c-503b-11f1-8c85-eeee0a9265de.OPERATION#flowable-async-job-executor-thread-28334#
Step "Unbind Service from Application" finished#
#2026 05 15 08:51:02.795#Z#DEBUG#23b2357c-503b-11f1-8c85-eeee0a9265de.OPERATION#flowable-async-job-executor-thread-30435#
[UnbindServiceFromApplicationStep] Executing task "unbindServiceFromApplicationTask" of process "24c0708d-503b-11f1-8c85-eeee0a9265de"...#
#2026 05 15 08:51:02.797#Z#DEBUG#23b2357c-503b-11f1-8c85-eeee0a9265de.OPERATION#flowable-async-job-executor-thread-30435#
[UnbindServiceFromApplicationStep] Getting async job "ad2f8f20-baef-4eba-85a0-51142c183519"#
#2026 05 15 08:51:02.825#Z#ERROR#23b2357c-503b-11f1-8c85-eeee0a9265de.OPERATION#flowable-async-job-executor-thread-30435#
[UnbindServiceFromApplicationStep] Async operation for service binding "ad2f8f20-baef-4eba-85a0-51142c183519" between app "incident-management-db-deployer" and service instance "null" failed: Instance not found. Cause: 10009 CF-UnableToPerform delete could not be completed: VCAP::CloudController::V3::LastOperationFailedState#
#2026 05 15 08:51:02.830#Z#INFO#23b2357c-503b-11f1-8c85-eeee0a9265de.OPERATION#flowable-async-job-executor-thread-30435#
[UnbindServiceFromApplicationStep] Download the MTA operation logs for more details.#
#2026 05 15 08:51:02.835#Z#DEBUG#23b2357c-503b-11f1-8c85-eeee0a9265de.OPERATION#flowable-async-job-executor-thread-30435#
Step "Unbind Service from Application" finished#
#2026 05 15 08:51:02.773#Z#DEBUG#23b2357c-503b-11f1-8c85-eeee0a9265de.OPERATION#flowable-async-job-executor-thread-53209#
[UnbindServiceFromApplicationStep] Executing task "unbindServiceFromApplicationTask" of process "24dcab56-503b-11f1-8c85-eeee0a9265de"...#
#2026 05 15 08:51:02.832#Z#DEBUG#23b2357c-503b-11f1-8c85-eeee0a9265de.OPERATION#flowable-async-job-executor-thread-53209#
[UnbindServiceFromApplicationStep] Getting async job "55c9af48-1969-466b-9b36-3fdf5bfee735"#
#2026 05 15 08:51:02.872#Z#ERROR#23b2357c-503b-11f1-8c85-eeee0a9265de.OPERATION#flowable-async-job-executor-thread-53209#
[UnbindServiceFromApplicationStep] Async operation for service binding "55c9af48-1969-466b-9b36-3fdf5bfee735" between app "incident-management-srv" and service instance "null" failed: Instance not found. Cause: 10009 CF-UnableToPerform delete could not be completed: VCAP::CloudController::V3::LastOperationFailedState#
#2026 05 15 08:51:02.876#Z#INFO#23b2357c-503b-11f1-8c85-eeee0a9265de.OPERATION#flowable-async-job-executor-thread-53209#
[UnbindServiceFromApplicationStep] Download the MTA operation logs for more details.#
#2026 05 15 08:51:02.880#Z#DEBUG#23b2357c-503b-11f1-8c85-eeee0a9265de.OPERATION#flowable-async-job-executor-thread-53209#
Step "Unbind Service from Application" finished#
#2026 05 15 08:51:03.862#Z#DEBUG#23b2357c-503b-11f1-8c85-eeee0a9265de.OPERATION#flowable-async-job-executor-thread-28340#
[UnbindServiceFromApplicationStep] Executing task "unbindServiceFromApplicationTask" of process "24c0708d-503b-11f1-8c85-eeee0a9265de"...#
#2026 05 15 08:51:03.865#Z#DEBUG#23b2357c-503b-11f1-8c85-eeee0a9265de.OPERATION#flowable-async-job-executor-thread-28340#
[UnbindServiceFromApplicationStep] Deleting service binding "5598be66-48a6-46e1-928f-3fe8bf50b4d5"...#
#2026 05 15 08:51:03.886#Z#DEBUG#23b2357c-503b-11f1-8c85-eeee0a9265de.OPERATION#flowable-async-job-executor-thread-28341#
[UnbindServiceFromApplicationStep] Executing task "unbindServiceFromApplicationTask" of process "24dcab56-503b-11f1-8c85-eeee0a9265de"...#
#2026 05 15 08:51:03.889#Z#DEBUG#23b2357c-503b-11f1-8c85-eeee0a9265de.OPERATION#flowable-async-job-executor-thread-28341#
[UnbindServiceFromApplicationStep] Deleting service binding "5f31f8fa-ba74-49cf-85a1-9cd9812ffd8f"...#
#2026 05 15 08:51:03.938#Z#DEBUG#23b2357c-503b-11f1-8c85-eeee0a9265de.OPERATION#flowable-async-job-executor-thread-28340#
Step "Unbind Service from Application" finished#
#2026 05 15 08:51:03.968#Z#DEBUG#23b2357c-503b-11f1-8c85-eeee0a9265de.OPERATION#flowable-async-job-executor-thread-28341#
Step "Unbind Service from Application" finished#
#2026 05 15 08:51:12.942#Z#DEBUG#23b2357c-503b-11f1-8c85-eeee0a9265de.OPERATION#flowable-async-job-executor-thread-53212#
[UnbindServiceFromApplicationStep] Executing task "unbindServiceFromApplicationTask" of process "24dcab56-503b-11f1-8c85-eeee0a9265de"...#
#2026 05 15 08:51:13.005#Z#DEBUG#23b2357c-503b-11f1-8c85-eeee0a9265de.OPERATION#flowable-async-job-executor-thread-53212#
[UnbindServiceFromApplicationStep] Getting async job "64956660-c505-4feb-96a9-72316620082d"#
#2026 05 15 08:51:13.037#Z#DEBUG#23b2357c-503b-11f1-8c85-eeee0a9265de.OPERATION#flowable-async-job-executor-thread-53213#
[UnbindServiceFromApplicationStep] Executing task "unbindServiceFromApplicationTask" of process "24c0708d-503b-11f1-8c85-eeee0a9265de"...#
#2026 05 15 08:51:13.038#Z#DEBUG#23b2357c-503b-11f1-8c85-eeee0a9265de.OPERATION#flowable-async-job-executor-thread-53213#
[UnbindServiceFromApplicationStep] Getting async job "5962f51d-99d9-4141-89f5-b64ede6f3486"#
#2026 05 15 08:51:13.048#Z#ERROR#23b2357c-503b-11f1-8c85-eeee0a9265de.OPERATION#flowable-async-job-executor-thread-53212#
[UnbindServiceFromApplicationStep] Async operation for service binding "64956660-c505-4feb-96a9-72316620082d" between app "incident-management-srv" and service instance "null" failed: Instance not found. Cause: 10009 CF-UnableToPerform delete could not be completed: VCAP::CloudController::V3::LastOperationFailedState#
#2026 05 15 08:51:13.053#Z#INFO#23b2357c-503b-11f1-8c85-eeee0a9265de.OPERATION#flowable-async-job-executor-thread-53212#
[UnbindServiceFromApplicationStep] Download the MTA operation logs for more details.#
#2026 05 15 08:51:13.057#Z#DEBUG#23b2357c-503b-11f1-8c85-eeee0a9265de.OPERATION#flowable-async-job-executor-thread-53212#
Step "Unbind Service from Application" finished#
#2026 05 15 08:51:13.067#Z#ERROR#23b2357c-503b-11f1-8c85-eeee0a9265de.OPERATION#flowable-async-job-executor-thread-53213#
[UnbindServiceFromApplicationStep] Async operation for service binding "5962f51d-99d9-4141-89f5-b64ede6f3486" between app "incident-management-db-deployer" and service instance "null" failed: Instance not found. Cause: 10009 CF-UnableToPerform delete could not be completed: VCAP::CloudController::V3::LastOperationFailedState#
#2026 05 15 08:51:13.072#Z#INFO#23b2357c-503b-11f1-8c85-eeee0a9265de.OPERATION#flowable-async-job-executor-thread-53213#
[UnbindServiceFromApplicationStep] Download the MTA operation logs for more details.#
#2026 05 15 08:51:13.077#Z#DEBUG#23b2357c-503b-11f1-8c85-eeee0a9265de.OPERATION#flowable-async-job-executor-thread-53213#
Step "Unbind Service from Application" finished#
#2026 05 15 08:51:17.209#Z#DEBUG#23b2357c-503b-11f1-8c85-eeee0a9265de.OPERATION#flowable-async-job-executor-thread-28350#
[UnbindServiceFromApplicationStep] Executing task "unbindServiceFromApplicationTask" of process "24c0708d-503b-11f1-8c85-eeee0a9265de"...#
#2026 05 15 08:51:17.228#Z#DEBUG#23b2357c-503b-11f1-8c85-eeee0a9265de.OPERATION#flowable-async-job-executor-thread-28350#
[UnbindServiceFromApplicationStep] Deleting service binding "5598be66-48a6-46e1-928f-3fe8bf50b4d5"...#
#2026 05 15 08:51:17.303#Z#DEBUG#23b2357c-503b-11f1-8c85-eeee0a9265de.OPERATION#flowable-async-job-executor-thread-28351#
[UnbindServiceFromApplicationStep] Executing task "unbindServiceFromApplicationTask" of process "24dcab56-503b-11f1-8c85-eeee0a9265de"...#
#2026 05 15 08:51:17.320#Z#DEBUG#23b2357c-503b-11f1-8c85-eeee0a9265de.OPERATION#flowable-async-job-executor-thread-28350#
Step "Unbind Service from Application" finished#
#2026 05 15 08:51:17.327#Z#DEBUG#23b2357c-503b-11f1-8c85-eeee0a9265de.OPERATION#flowable-async-job-executor-thread-28351#
[UnbindServiceFromApplicationStep] Deleting service binding "5f31f8fa-ba74-49cf-85a1-9cd9812ffd8f"...#
#2026 05 15 08:51:17.407#Z#DEBUG#23b2357c-503b-11f1-8c85-eeee0a9265de.OPERATION#flowable-async-job-executor-thread-28351#
Step "Unbind Service from Application" finished#
#2026 05 15 08:51:23.072#Z#DEBUG#23b2357c-503b-11f1-8c85-eeee0a9265de.OPERATION#flowable-async-job-executor-thread-53221#
[UnbindServiceFromApplicationStep] Executing task "unbindServiceFromApplicationTask" of process "24dcab56-503b-11f1-8c85-eeee0a9265de"...#
#2026 05 15 08:51:23.125#Z#DEBUG#23b2357c-503b-11f1-8c85-eeee0a9265de.OPERATION#flowable-async-job-executor-thread-53221#
[UnbindServiceFromApplicationStep] Getting async job "6acb9008-7c6e-441a-8f85-53be40b180d8"#
#2026 05 15 08:51:23.165#Z#DEBUG#23b2357c-503b-11f1-8c85-eeee0a9265de.OPERATION#flowable-async-job-executor-thread-53221#
[UnbindServiceFromApplicationStep] Async operation of service binding "6acb9008-7c6e-441a-8f85-53be40b180d8" is in state "POLLING" warnings ""#
#2026 05 15 08:51:23.165#Z#DEBUG#23b2357c-503b-11f1-8c85-eeee0a9265de.OPERATION#flowable-async-job-executor-thread-53221#
Step "Unbind Service from Application" finished#
#2026 05 15 08:51:23.270#Z#DEBUG#23b2357c-503b-11f1-8c85-eeee0a9265de.OPERATION#flowable-async-job-executor-thread-53223#
[UnbindServiceFromApplicationStep] Executing task "unbindServiceFromApplicationTask" of process "24c0708d-503b-11f1-8c85-eeee0a9265de"...#
#2026 05 15 08:51:23.270#Z#DEBUG#23b2357c-503b-11f1-8c85-eeee0a9265de.OPERATION#flowable-async-job-executor-thread-53223#
[UnbindServiceFromApplicationStep] Getting async job "10b4c74f-4699-4e56-9e56-dcaf0935479b"#
#2026 05 15 08:51:23.297#Z#ERROR#23b2357c-503b-11f1-8c85-eeee0a9265de.OPERATION#flowable-async-job-executor-thread-53223#
[UnbindServiceFromApplicationStep] Async operation for service binding "10b4c74f-4699-4e56-9e56-dcaf0935479b" between app "incident-management-db-deployer" and service instance "null" failed: Instance not found. Cause: 10009 CF-UnableToPerform delete could not be completed: VCAP::CloudController::V3::LastOperationFailedState#
#2026 05 15 08:51:23.301#Z#INFO#23b2357c-503b-11f1-8c85-eeee0a9265de.OPERATION#flowable-async-job-executor-thread-53223#
[UnbindServiceFromApplicationStep] Download the MTA operation logs for more details.#
#2026 05 15 08:51:23.309#Z#DEBUG#23b2357c-503b-11f1-8c85-eeee0a9265de.OPERATION#flowable-async-job-executor-thread-53223#
Step "Unbind Service from Application" finished#
#2026 05 15 08:51:33.118#Z#DEBUG#23b2357c-503b-11f1-8c85-eeee0a9265de.OPERATION#flowable-async-job-executor-thread-53223#
[UnbindServiceFromApplicationStep] Executing task "unbindServiceFromApplicationTask" of process "24dcab56-503b-11f1-8c85-eeee0a9265de"...#
#2026 05 15 08:51:33.177#Z#DEBUG#23b2357c-503b-11f1-8c85-eeee0a9265de.OPERATION#flowable-async-job-executor-thread-53223#
[UnbindServiceFromApplicationStep] Getting async job "6acb9008-7c6e-441a-8f85-53be40b180d8"#
#2026 05 15 08:51:33.211#Z#ERROR#23b2357c-503b-11f1-8c85-eeee0a9265de.OPERATION#flowable-async-job-executor-thread-53223#
[UnbindServiceFromApplicationStep] Async operation for service binding "6acb9008-7c6e-441a-8f85-53be40b180d8" between app "incident-management-srv" and service instance "null" failed: Instance not found. Cause: 10009 CF-UnableToPerform delete could not be completed: VCAP::CloudController::V3::LastOperationFailedState#
#2026 05 15 08:51:33.219#Z#INFO#23b2357c-503b-11f1-8c85-eeee0a9265de.OPERATION#flowable-async-job-executor-thread-53223#
[UnbindServiceFromApplicationStep] Download the MTA operation logs for more details.#
#2026 05 15 08:51:33.224#Z#DEBUG#23b2357c-503b-11f1-8c85-eeee0a9265de.OPERATION#flowable-async-job-executor-thread-53223#
Step "Unbind Service from Application" finished#
