#2026 05 14 11:37:09.049#Z#DEBUG#12f0546a-4f89-11f1-8186-eeee0a8da331.incident-management-srv#flowable-async-job-executor-thread-2032#
[PollStageAppStatusExecution] 2492ac56-a2da-4631-b25a-332a89a4684c [2026-05-14T11:31:10.638737] Updated app with guid 2492ac56-a2da-4631-b25a-332a89a4684c ({"lifecycle"=>{"data"=>{"buildpacks"=>["nodejs_buildpack"]}, "type"=>"buildpack"}}) (STDOUT, API)#
#2026 05 14 11:37:09.049#Z#DEBUG#12f0546a-4f89-11f1-8186-eeee0a8da331.incident-management-srv#flowable-async-job-executor-thread-2032#
[PollStageAppStatusExecution] 2492ac56-a2da-4631-b25a-332a89a4684c [2026-05-14T11:31:10.735574] Updating process: "web" (STDOUT, API)#
#2026 05 14 11:37:09.049#Z#DEBUG#12f0546a-4f89-11f1-8186-eeee0a8da331.incident-management-srv#flowable-async-job-executor-thread-2032#
[PollStageAppStatusExecution] 2492ac56-a2da-4631-b25a-332a89a4684c [2026-05-14T11:31:46.479350] Uploading app package for app with guid 2492ac56-a2da-4631-b25a-332a89a4684c (STDOUT, API)#
#2026 05 14 11:37:09.049#Z#DEBUG#12f0546a-4f89-11f1-8186-eeee0a8da331.incident-management-srv#flowable-async-job-executor-thread-2032#
[PollStageAppStatusExecution] 2492ac56-a2da-4631-b25a-332a89a4684c [2026-05-14T11:31:46.669978] Updated app with guid 2492ac56-a2da-4631-b25a-332a89a4684c ({"environment_variables"=>"[PRIVATE DATA HIDDEN]"}) (STDOUT, API)#
#2026 05 14 11:37:09.049#Z#DEBUG#12f0546a-4f89-11f1-8186-eeee0a8da331.incident-management-srv#flowable-async-job-executor-thread-2032#
[PollStageAppStatusExecution] 2492ac56-a2da-4631-b25a-332a89a4684c [2026-05-14T11:31:56.605705] Stopping app with guid 2492ac56-a2da-4631-b25a-332a89a4684c (STDOUT, API)#
#2026 05 14 11:37:09.049#Z#DEBUG#12f0546a-4f89-11f1-8186-eeee0a8da331.incident-management-srv#flowable-async-job-executor-thread-2032#
[PollStageAppStatusExecution] 2492ac56-a2da-4631-b25a-332a89a4684c [2026-05-14T11:31:56.654509] Cell c839c7b1-088e-41af-b9b7-66256aacd457 stopping instance 01088c16-4eec-455d-595d-9527 (STDOUT, CELL)#
#2026 05 14 11:37:09.049#Z#DEBUG#12f0546a-4f89-11f1-8186-eeee0a8da331.incident-management-srv#flowable-async-job-executor-thread-2032#
[PollStageAppStatusExecution] 2492ac56-a2da-4631-b25a-332a89a4684c [2026-05-14T11:31:56.786892] Creating build for app with guid 2492ac56-a2da-4631-b25a-332a89a4684c (STDOUT, API)#
#2026 05 14 11:37:09.049#Z#DEBUG#12f0546a-4f89-11f1-8186-eeee0a8da331.incident-management-srv#flowable-async-job-executor-thread-2032#
[PollStageAppStatusExecution] 2492ac56-a2da-4631-b25a-332a89a4684c [2026-05-14T11:31:57.226111] Downloading nodejs_buildpack... (STDOUT, STG)#
#2026 05 14 11:37:09.049#Z#DEBUG#12f0546a-4f89-11f1-8186-eeee0a8da331.incident-management-srv#flowable-async-job-executor-thread-2032#
[PollStageAppStatusExecution] 2492ac56-a2da-4631-b25a-332a89a4684c [2026-05-14T11:31:57.270693] Downloaded nodejs_buildpack (STDOUT, STG)#
#2026 05 14 11:37:09.049#Z#DEBUG#12f0546a-4f89-11f1-8186-eeee0a8da331.incident-management-srv#flowable-async-job-executor-thread-2032#
[PollStageAppStatusExecution] 2492ac56-a2da-4631-b25a-332a89a4684c [2026-05-14T11:31:57.270794] Cell 77283d80-dfa7-40ba-ba4e-265aef112085 creating container for instance b2099300-bde9-4ca1-88be-22560a45972b (STDOUT, STG)#
#2026 05 14 11:37:09.049#Z#DEBUG#12f0546a-4f89-11f1-8186-eeee0a8da331.incident-management-srv#flowable-async-job-executor-thread-2032#
[PollStageAppStatusExecution] 2492ac56-a2da-4631-b25a-332a89a4684c [2026-05-14T11:31:57.809165] Security group rules were updated (STDOUT, STG)#
#2026 05 14 11:37:09.049#Z#DEBUG#12f0546a-4f89-11f1-8186-eeee0a8da331.incident-management-srv#flowable-async-job-executor-thread-2032#
[PollStageAppStatusExecution] 2492ac56-a2da-4631-b25a-332a89a4684c [2026-05-14T11:31:57.884640] Cell 77283d80-dfa7-40ba-ba4e-265aef112085 successfully created container for instance b2099300-bde9-4ca1-88be-22560a45972b (STDOUT, STG)#
#2026 05 14 11:37:09.049#Z#DEBUG#12f0546a-4f89-11f1-8186-eeee0a8da331.incident-management-srv#flowable-async-job-executor-thread-2032#
[PollStageAppStatusExecution] 2492ac56-a2da-4631-b25a-332a89a4684c [2026-05-14T11:31:58.665402] Downloading app package... (STDOUT, STG)#
#2026 05 14 11:37:09.049#Z#DEBUG#12f0546a-4f89-11f1-8186-eeee0a8da331.incident-management-srv#flowable-async-job-executor-thread-2032#
[PollStageAppStatusExecution] 2492ac56-a2da-4631-b25a-332a89a4684c [2026-05-14T11:31:58.665418] Downloading build artifacts cache... (STDOUT, STG)#
#2026 05 14 11:37:09.049#Z#DEBUG#12f0546a-4f89-11f1-8186-eeee0a8da331.incident-management-srv#flowable-async-job-executor-thread-2032#
[PollStageAppStatusExecution] 2492ac56-a2da-4631-b25a-332a89a4684c [2026-05-14T11:31:58.741443] Downloaded build artifacts cache (224B) (STDOUT, STG)#
#2026 05 14 11:37:09.049#Z#DEBUG#12f0546a-4f89-11f1-8186-eeee0a8da331.incident-management-srv#flowable-async-job-executor-thread-2032#
[PollStageAppStatusExecution] 2492ac56-a2da-4631-b25a-332a89a4684c [2026-05-14T11:31:59.441917] Downloaded app package (6.9M) (STDOUT, STG)#
#2026 05 14 11:37:09.049#Z#DEBUG#12f0546a-4f89-11f1-8186-eeee0a8da331.incident-management-srv#flowable-async-job-executor-thread-2032#
[PollStageAppStatusExecution] 2492ac56-a2da-4631-b25a-332a89a4684c [2026-05-14T11:31:59.517971] -----> Nodejs Buildpack version 1.8.44 (STDOUT, STG)#
#2026 05 14 11:37:09.049#Z#DEBUG#12f0546a-4f89-11f1-8186-eeee0a8da331.incident-management-srv#flowable-async-job-executor-thread-2032#
[PollStageAppStatusExecution] 2492ac56-a2da-4631-b25a-332a89a4684c [2026-05-14T11:31:59.740377] -----> Bootstrapping python (STDOUT, STG)#
#2026 05 14 11:37:09.049#Z#DEBUG#12f0546a-4f89-11f1-8186-eeee0a8da331.incident-management-srv#flowable-async-job-executor-thread-2032#
[PollStageAppStatusExecution] 2492ac56-a2da-4631-b25a-332a89a4684c [2026-05-14T11:31:59.740404] -----> Installing python 3.11.14 (STDOUT, STG)#
#2026 05 14 11:37:09.049#Z#DEBUG#12f0546a-4f89-11f1-8186-eeee0a8da331.incident-management-srv#flowable-async-job-executor-thread-2032#
[PollStageAppStatusExecution] 2492ac56-a2da-4631-b25a-332a89a4684c [2026-05-14T11:31:59.740420] Copy [/tmp/buildpacks/978cee5ec9c58000/dependencies/b5e0345ae0ae1932e7d56fffaa49a487/python_3.11.14_linux_x64_cflinuxfs4_66f53248.tgz] (STDOUT, STG)#
#2026 05 14 11:37:09.049#Z#DEBUG#12f0546a-4f89-11f1-8186-eeee0a8da331.incident-management-srv#flowable-async-job-executor-thread-2032#
[PollStageAppStatusExecution] 2492ac56-a2da-4631-b25a-332a89a4684c [2026-05-14T11:32:02.886638] -----> Installing binaries (STDOUT, STG)#
#2026 05 14 11:37:09.049#Z#DEBUG#12f0546a-4f89-11f1-8186-eeee0a8da331.incident-management-srv#flowable-async-job-executor-thread-2032#
[PollStageAppStatusExecution] 2492ac56-a2da-4631-b25a-332a89a4684c [2026-05-14T11:32:02.886816] engines.node (package.json): >=20 (STDOUT, STG)#
#2026 05 14 11:37:09.049#Z#DEBUG#12f0546a-4f89-11f1-8186-eeee0a8da331.incident-management-srv#flowable-async-job-executor-thread-2032#
[PollStageAppStatusExecution] 2492ac56-a2da-4631-b25a-332a89a4684c [2026-05-14T11:32:02.886838] engines.npm (package.json): unspecified (use default) (STDOUT, STG)#
#2026 05 14 11:37:09.049#Z#DEBUG#12f0546a-4f89-11f1-8186-eeee0a8da331.incident-management-srv#flowable-async-job-executor-thread-2032#
[PollStageAppStatusExecution] 2492ac56-a2da-4631-b25a-332a89a4684c [2026-05-14T11:32:02.886858] [31;1m**WARNING**[0m Dangerous semver range (>) in engines.node. See: http://docs.cloudfoundry.org/buildpacks/node/node-tips.html (STDOUT, STG)#
#2026 05 14 11:37:09.049#Z#DEBUG#12f0546a-4f89-11f1-8186-eeee0a8da331.incident-management-srv#flowable-async-job-executor-thread-2032#
[PollStageAppStatusExecution] 2492ac56-a2da-4631-b25a-332a89a4684c [2026-05-14T11:32:02.886927] -----> Installing node 24.13.0 (STDOUT, STG)#
#2026 05 14 11:37:09.049#Z#DEBUG#12f0546a-4f89-11f1-8186-eeee0a8da331.incident-management-srv#flowable-async-job-executor-thread-2032#
[PollStageAppStatusExecution] 2492ac56-a2da-4631-b25a-332a89a4684c [2026-05-14T11:32:02.887121] Copy [/tmp/buildpacks/978cee5ec9c58000/dependencies/2f5692219fecc3eee6e6d507a6bfe7b9/node_24.13.0_linux_x64_cflinuxfs4_a816dee1.tgz] (STDOUT, STG)#
#2026 05 14 11:37:09.049#Z#DEBUG#12f0546a-4f89-11f1-8186-eeee0a8da331.incident-management-srv#flowable-async-job-executor-thread-2032#
[PollStageAppStatusExecution] 2492ac56-a2da-4631-b25a-332a89a4684c [2026-05-14T11:32:04.800565] Using default npm version: 11.6.2 (STDOUT, STG)#
#2026 05 14 11:37:09.049#Z#DEBUG#12f0546a-4f89-11f1-8186-eeee0a8da331.incident-management-srv#flowable-async-job-executor-thread-2032#
[PollStageAppStatusExecution] 2492ac56-a2da-4631-b25a-332a89a4684c [2026-05-14T11:32:04.800597] -----> Installing yarn 1.22.22 (STDOUT, STG)#
#2026 05 14 11:37:09.049#Z#DEBUG#12f0546a-4f89-11f1-8186-eeee0a8da331.incident-management-srv#flowable-async-job-executor-thread-2032#
[PollStageAppStatusExecution] 2492ac56-a2da-4631-b25a-332a89a4684c [2026-05-14T11:32:04.800625] Copy [/tmp/buildpacks/978cee5ec9c58000/dependencies/e3a39aedd1236924d69cc2d0637a8ed2/yarn_1.22.22_linux_noarch_any-stack_4911d0a6.tgz] (STDOUT, STG)#
#2026 05 14 11:37:09.049#Z#DEBUG#12f0546a-4f89-11f1-8186-eeee0a8da331.incident-management-srv#flowable-async-job-executor-thread-2032#
[PollStageAppStatusExecution] 2492ac56-a2da-4631-b25a-332a89a4684c [2026-05-14T11:32:05.069539] Installed yarn 1.22.22 (STDOUT, STG)#
#2026 05 14 11:37:09.049#Z#DEBUG#12f0546a-4f89-11f1-8186-eeee0a8da331.incident-management-srv#flowable-async-job-executor-thread-2032#
[PollStageAppStatusExecution] 2492ac56-a2da-4631-b25a-332a89a4684c [2026-05-14T11:32:05.069557] -----> Creating runtime environment (STDOUT, STG)#
#2026 05 14 11:37:09.049#Z#DEBUG#12f0546a-4f89-11f1-8186-eeee0a8da331.incident-management-srv#flowable-async-job-executor-thread-2032#
[PollStageAppStatusExecution] 2492ac56-a2da-4631-b25a-332a89a4684c [2026-05-14T11:32:05.071320] NODE_ENV=production (STDOUT, STG)#
#2026 05 14 11:37:09.049#Z#DEBUG#12f0546a-4f89-11f1-8186-eeee0a8da331.incident-management-srv#flowable-async-job-executor-thread-2032#
[PollStageAppStatusExecution] 2492ac56-a2da-4631-b25a-332a89a4684c [2026-05-14T11:32:05.071346] NODE_HOME=/tmp/contents1520059445/deps/0/node (STDOUT, STG)#
#2026 05 14 11:37:09.049#Z#DEBUG#12f0546a-4f89-11f1-8186-eeee0a8da331.incident-management-srv#flowable-async-job-executor-thread-2032#
[PollStageAppStatusExecution] 2492ac56-a2da-4631-b25a-332a89a4684c [2026-05-14T11:32:05.071354] NODE_MODULES_CACHE=true (STDOUT, STG)#
#2026 05 14 11:37:09.049#Z#DEBUG#12f0546a-4f89-11f1-8186-eeee0a8da331.incident-management-srv#flowable-async-job-executor-thread-2032#
[PollStageAppStatusExecution] 2492ac56-a2da-4631-b25a-332a89a4684c [2026-05-14T11:32:05.071357] NODE_VERBOSE=false (STDOUT, STG)#
#2026 05 14 11:37:09.049#Z#DEBUG#12f0546a-4f89-11f1-8186-eeee0a8da331.incident-management-srv#flowable-async-job-executor-thread-2032#
[PollStageAppStatusExecution] 2492ac56-a2da-4631-b25a-332a89a4684c [2026-05-14T11:32:05.071360] NPM_CONFIG_LOGLEVEL=error (STDOUT, STG)#
#2026 05 14 11:37:09.049#Z#DEBUG#12f0546a-4f89-11f1-8186-eeee0a8da331.incident-management-srv#flowable-async-job-executor-thread-2032#
[PollStageAppStatusExecution] 2492ac56-a2da-4631-b25a-332a89a4684c [2026-05-14T11:32:05.071364] NPM_CONFIG_PRODUCTION=true (STDOUT, STG)#
#2026 05 14 11:37:09.049#Z#DEBUG#12f0546a-4f89-11f1-8186-eeee0a8da331.incident-management-srv#flowable-async-job-executor-thread-2032#
[PollStageAppStatusExecution] 2492ac56-a2da-4631-b25a-332a89a4684c [2026-05-14T11:32:05.071384] -----> Building dependencies (STDOUT, STG)#
#2026 05 14 11:37:09.049#Z#DEBUG#12f0546a-4f89-11f1-8186-eeee0a8da331.incident-management-srv#flowable-async-job-executor-thread-2032#
[PollStageAppStatusExecution] 2492ac56-a2da-4631-b25a-332a89a4684c [2026-05-14T11:32:05.071391] Prebuild detected (node_modules already exists) (STDOUT, STG)#
#2026 05 14 11:37:09.049#Z#DEBUG#12f0546a-4f89-11f1-8186-eeee0a8da331.incident-management-srv#flowable-async-job-executor-thread-2032#
[PollStageAppStatusExecution] 2492ac56-a2da-4631-b25a-332a89a4684c [2026-05-14T11:32:05.071394] Rebuilding any native modules (STDOUT, STG)#
#2026 05 14 11:37:09.049#Z#DEBUG#12f0546a-4f89-11f1-8186-eeee0a8da331.incident-management-srv#flowable-async-job-executor-thread-2032#
[PollStageAppStatusExecution] 2492ac56-a2da-4631-b25a-332a89a4684c [2026-05-14T11:32:05.670703] rebuilt dependencies successfully (STDOUT, STG)#
#2026 05 14 11:37:09.049#Z#DEBUG#12f0546a-4f89-11f1-8186-eeee0a8da331.incident-management-srv#flowable-async-job-executor-thread-2032#
[PollStageAppStatusExecution] 2492ac56-a2da-4631-b25a-332a89a4684c [2026-05-14T11:32:05.672428] npm notice (STDOUT, STG)#
#2026 05 14 11:37:09.049#Z#DEBUG#12f0546a-4f89-11f1-8186-eeee0a8da331.incident-management-srv#flowable-async-job-executor-thread-2032#
[PollStageAppStatusExecution] 2492ac56-a2da-4631-b25a-332a89a4684c [2026-05-14T11:32:05.672445] npm notice New minor version of npm available! 11.6.2 -> 11.14.1 (STDOUT, STG)#
#2026 05 14 11:37:09.049#Z#DEBUG#12f0546a-4f89-11f1-8186-eeee0a8da331.incident-management-srv#flowable-async-job-executor-thread-2032#
[PollStageAppStatusExecution] 2492ac56-a2da-4631-b25a-332a89a4684c [2026-05-14T11:32:05.672449] npm notice Changelog: https://github.com/npm/cli/releases/tag/v11.14.1 (STDOUT, STG)#
#2026 05 14 11:37:09.049#Z#DEBUG#12f0546a-4f89-11f1-8186-eeee0a8da331.incident-management-srv#flowable-async-job-executor-thread-2032#
[PollStageAppStatusExecution] 2492ac56-a2da-4631-b25a-332a89a4684c [2026-05-14T11:32:05.672451] npm notice To update run: npm install -g npm@11.14.1 (STDOUT, STG)#
#2026 05 14 11:37:09.049#Z#DEBUG#12f0546a-4f89-11f1-8186-eeee0a8da331.incident-management-srv#flowable-async-job-executor-thread-2032#
[PollStageAppStatusExecution] 2492ac56-a2da-4631-b25a-332a89a4684c [2026-05-14T11:32:05.672453] npm notice (STDOUT, STG)#
#2026 05 14 11:37:09.049#Z#DEBUG#12f0546a-4f89-11f1-8186-eeee0a8da331.incident-management-srv#flowable-async-job-executor-thread-2032#
[PollStageAppStatusExecution] 2492ac56-a2da-4631-b25a-332a89a4684c [2026-05-14T11:32:05.734276] Installing any new modules (package.json + package-lock.json) (STDOUT, STG)#
#2026 05 14 11:37:09.049#Z#DEBUG#12f0546a-4f89-11f1-8186-eeee0a8da331.incident-management-srv#flowable-async-job-executor-thread-2032#
[PollStageAppStatusExecution] 2492ac56-a2da-4631-b25a-332a89a4684c [2026-05-14T11:32:06.399280] removed 14 packages in 601ms (STDOUT, STG)#
#2026 05 14 11:37:09.049#Z#DEBUG#12f0546a-4f89-11f1-8186-eeee0a8da331.incident-management-srv#flowable-async-job-executor-thread-2032#
[PollStageAppStatusExecution] 2492ac56-a2da-4631-b25a-332a89a4684c [2026-05-14T11:32:06.399459] 25 packages are looking for funding (STDOUT, STG)#
#2026 05 14 11:37:09.049#Z#DEBUG#12f0546a-4f89-11f1-8186-eeee0a8da331.incident-management-srv#flowable-async-job-executor-thread-2032#
[PollStageAppStatusExecution] 2492ac56-a2da-4631-b25a-332a89a4684c [2026-05-14T11:32:06.399536] run `npm fund` for details (STDOUT, STG)#
#2026 05 14 11:37:09.049#Z#DEBUG#12f0546a-4f89-11f1-8186-eeee0a8da331.incident-management-srv#flowable-async-job-executor-thread-2032#
[PollStageAppStatusExecution] 2492ac56-a2da-4631-b25a-332a89a4684c [2026-05-14T11:32:07.127521] Contrast Security no credentials found. Will not write environment files. (STDOUT, STG)#
#2026 05 14 11:37:09.049#Z#DEBUG#12f0546a-4f89-11f1-8186-eeee0a8da331.incident-management-srv#flowable-async-job-executor-thread-2032#
[PollStageAppStatusExecution] 2492ac56-a2da-4631-b25a-332a89a4684c [2026-05-14T11:32:15.518721] Exit status 0 (STDOUT, STG)#
#2026 05 14 11:37:09.049#Z#DEBUG#12f0546a-4f89-11f1-8186-eeee0a8da331.incident-management-srv#flowable-async-job-executor-thread-2032#
[PollStageAppStatusExecution] 2492ac56-a2da-4631-b25a-332a89a4684c [2026-05-14T11:32:15.518769] Uploading droplet, build artifacts cache... (STDOUT, STG)#
#2026 05 14 11:37:09.049#Z#DEBUG#12f0546a-4f89-11f1-8186-eeee0a8da331.incident-management-srv#flowable-async-job-executor-thread-2032#
[PollStageAppStatusExecution] 2492ac56-a2da-4631-b25a-332a89a4684c [2026-05-14T11:32:15.518812] Uploading build artifacts cache... (STDOUT, STG)#
#2026 05 14 11:37:09.049#Z#DEBUG#12f0546a-4f89-11f1-8186-eeee0a8da331.incident-management-srv#flowable-async-job-executor-thread-2032#
[PollStageAppStatusExecution] 2492ac56-a2da-4631-b25a-332a89a4684c [2026-05-14T11:32:15.518827] Uploading droplet... (STDOUT, STG)#
#2026 05 14 11:37:09.049#Z#DEBUG#12f0546a-4f89-11f1-8186-eeee0a8da331.incident-management-srv#flowable-async-job-executor-thread-2032#
[PollStageAppStatusExecution] 2492ac56-a2da-4631-b25a-332a89a4684c [2026-05-14T11:32:15.535215] Uploaded build artifacts cache (225B) (STDOUT, STG)#
#2026 05 14 11:37:09.049#Z#DEBUG#12f0546a-4f89-11f1-8186-eeee0a8da331.incident-management-srv#flowable-async-job-executor-thread-2032#
[PollStageAppStatusExecution] 2492ac56-a2da-4631-b25a-332a89a4684c [2026-05-14T11:32:16.116687] Creating droplet for app with guid 2492ac56-a2da-4631-b25a-332a89a4684c (STDOUT, API)#
#2026 05 14 11:37:09.049#Z#DEBUG#12f0546a-4f89-11f1-8186-eeee0a8da331.incident-management-srv#flowable-async-job-executor-thread-2032#
[PollStageAppStatusExecution] 2492ac56-a2da-4631-b25a-332a89a4684c [2026-05-14T11:32:20.181423] Uploaded droplet (60.2M) (STDOUT, STG)#
#2026 05 14 11:37:09.049#Z#DEBUG#12f0546a-4f89-11f1-8186-eeee0a8da331.incident-management-srv#flowable-async-job-executor-thread-2032#
[PollStageAppStatusExecution] 2492ac56-a2da-4631-b25a-332a89a4684c [2026-05-14T11:32:20.197737] Uploading complete (STDOUT, STG)#
#2026 05 14 11:37:09.049#Z#DEBUG#12f0546a-4f89-11f1-8186-eeee0a8da331.incident-management-srv#flowable-async-job-executor-thread-2032#
[PollStageAppStatusExecution] 2492ac56-a2da-4631-b25a-332a89a4684c [2026-05-14T11:32:20.573047] Cell 77283d80-dfa7-40ba-ba4e-265aef112085 stopping instance b2099300-bde9-4ca1-88be-22560a45972b (STDOUT, STG)#
#2026 05 14 11:37:09.049#Z#DEBUG#12f0546a-4f89-11f1-8186-eeee0a8da331.incident-management-srv#flowable-async-job-executor-thread-2032#
[PollStageAppStatusExecution] 2492ac56-a2da-4631-b25a-332a89a4684c [2026-05-14T11:32:20.573080] Cell 77283d80-dfa7-40ba-ba4e-265aef112085 destroying container for instance b2099300-bde9-4ca1-88be-22560a45972b (STDOUT, STG)#
#2026 05 14 11:37:09.049#Z#DEBUG#12f0546a-4f89-11f1-8186-eeee0a8da331.incident-management-srv#flowable-async-job-executor-thread-2032#
[PollStageAppStatusExecution] 2492ac56-a2da-4631-b25a-332a89a4684c [2026-05-14T11:32:20.625705] Staging complete for build b2099300-bde9-4ca1-88be-22560a45972b (STDOUT, API)#
#2026 05 14 11:37:09.049#Z#DEBUG#12f0546a-4f89-11f1-8186-eeee0a8da331.incident-management-srv#flowable-async-job-executor-thread-2032#
[PollStageAppStatusExecution] 2492ac56-a2da-4631-b25a-332a89a4684c [2026-05-14T11:32:23.640175] Cell 77283d80-dfa7-40ba-ba4e-265aef112085 successfully destroyed container for instance b2099300-bde9-4ca1-88be-22560a45972b (STDOUT, STG)#
#2026 05 14 11:37:09.049#Z#DEBUG#12f0546a-4f89-11f1-8186-eeee0a8da331.incident-management-srv#flowable-async-job-executor-thread-2032#
[PollStageAppStatusExecution] 2492ac56-a2da-4631-b25a-332a89a4684c [2026-05-14T11:32:26.622563] Updated app with guid 2492ac56-a2da-4631-b25a-332a89a4684c ({:droplet_guid=>"7c2fca61-6a37-4d84-a3af-eba0913f664b"}) (STDOUT, API)#
#2026 05 14 11:37:09.049#Z#DEBUG#12f0546a-4f89-11f1-8186-eeee0a8da331.incident-management-srv#flowable-async-job-executor-thread-2032#
[PollStageAppStatusExecution] 2492ac56-a2da-4631-b25a-332a89a4684c [2026-05-14T11:32:28.047988] Creating revision for app with guid 2492ac56-a2da-4631-b25a-332a89a4684c (STDOUT, API)#
#2026 05 14 11:37:09.049#Z#DEBUG#12f0546a-4f89-11f1-8186-eeee0a8da331.incident-management-srv#flowable-async-job-executor-thread-2032#
[PollStageAppStatusExecution] 2492ac56-a2da-4631-b25a-332a89a4684c [2026-05-14T11:32:28.077429] Starting app with guid 2492ac56-a2da-4631-b25a-332a89a4684c (STDOUT, API)#
#2026 05 14 11:37:09.049#Z#DEBUG#12f0546a-4f89-11f1-8186-eeee0a8da331.incident-management-srv#flowable-async-job-executor-thread-2032#
[PollStageAppStatusExecution] 2492ac56-a2da-4631-b25a-332a89a4684c [2026-05-14T11:32:28.306120] Cell c839c7b1-088e-41af-b9b7-66256aacd457 creating container for instance c6cd9837-68e0-4a1a-6e4b-7dc1 (STDOUT, CELL)#
#2026 05 14 11:37:09.049#Z#DEBUG#12f0546a-4f89-11f1-8186-eeee0a8da331.incident-management-srv#flowable-async-job-executor-thread-2032#
[PollStageAppStatusExecution] 2492ac56-a2da-4631-b25a-332a89a4684c [2026-05-14T11:32:29.679043] Security group rules were updated (STDOUT, CELL)#
#2026 05 14 11:37:09.049#Z#DEBUG#12f0546a-4f89-11f1-8186-eeee0a8da331.incident-management-srv#flowable-async-job-executor-thread-2032#
[PollStageAppStatusExecution] 2492ac56-a2da-4631-b25a-332a89a4684c [2026-05-14T11:32:29.790122] Cell c839c7b1-088e-41af-b9b7-66256aacd457 successfully created container for instance c6cd9837-68e0-4a1a-6e4b-7dc1 (STDOUT, CELL)#
#2026 05 14 11:37:09.049#Z#DEBUG#12f0546a-4f89-11f1-8186-eeee0a8da331.incident-management-srv#flowable-async-job-executor-thread-2032#
[PollStageAppStatusExecution] 2492ac56-a2da-4631-b25a-332a89a4684c [2026-05-14T11:32:30.403833] Downloading droplet... (STDOUT, CELL)#
#2026 05 14 11:37:09.049#Z#DEBUG#12f0546a-4f89-11f1-8186-eeee0a8da331.incident-management-srv#flowable-async-job-executor-thread-2032#
[PollStageAppStatusExecution] 2492ac56-a2da-4631-b25a-332a89a4684c [2026-05-14T11:32:34.961304] Downloaded droplet (60.2M) (STDOUT, CELL)#
#2026 05 14 11:37:09.049#Z#DEBUG#12f0546a-4f89-11f1-8186-eeee0a8da331.incident-management-srv#flowable-async-job-executor-thread-2032#
[PollStageAppStatusExecution] 2492ac56-a2da-4631-b25a-332a89a4684c [2026-05-14T11:32:34.961484] Starting health monitoring of container (STDOUT, CELL)#
#2026 05 14 11:37:09.049#Z#DEBUG#12f0546a-4f89-11f1-8186-eeee0a8da331.incident-management-srv#flowable-async-job-executor-thread-2032#
[PollStageAppStatusExecution] 2492ac56-a2da-4631-b25a-332a89a4684c [2026-05-14T11:32:35.093952] Invoking pre-start scripts. (STDOUT, APP/PROC/WEB)#
#2026 05 14 11:37:09.049#Z#DEBUG#12f0546a-4f89-11f1-8186-eeee0a8da331.incident-management-srv#flowable-async-job-executor-thread-2032#
[PollStageAppStatusExecution] 2492ac56-a2da-4631-b25a-332a89a4684c [2026-05-14T11:32:35.334094] Invoking start command. (STDOUT, APP/PROC/WEB)#
#2026 05 14 11:37:09.049#Z#DEBUG#12f0546a-4f89-11f1-8186-eeee0a8da331.incident-management-srv#flowable-async-job-executor-thread-2032#
[PollStageAppStatusExecution] 2492ac56-a2da-4631-b25a-332a89a4684c [2026-05-14T11:32:35.849686] > incident-management@1.0.0 start (STDOUT, APP/PROC/WEB)#
#2026 05 14 11:37:09.049#Z#DEBUG#12f0546a-4f89-11f1-8186-eeee0a8da331.incident-management-srv#flowable-async-job-executor-thread-2032#
[PollStageAppStatusExecution] 2492ac56-a2da-4631-b25a-332a89a4684c [2026-05-14T11:32:35.849699] > cds-serve (STDOUT, APP/PROC/WEB)#
#2026 05 14 11:37:09.049#Z#DEBUG#12f0546a-4f89-11f1-8186-eeee0a8da331.incident-management-srv#flowable-async-job-executor-thread-2032#
[PollStageAppStatusExecution] 2492ac56-a2da-4631-b25a-332a89a4684c [2026-05-14T11:32:36.231058] {"level":"info","logger":"cds","timestamp":"2026-05-14T11:32:36.228Z","layer":"cds","component_type":"application","container_id":"10.32.2.6","component_id":"2492ac56-a2da-4631-b25a-332a89a4684c","component_name":"incident-management-srv","component_instance":0,"source_instance":0,"organization_name":"922f8253trial","organization_id":"14eeb614-6e79-4ebc-aaef-3126f44263da","space_name":"dev","space_id":"fbd7e39b-aea9-4686-afbf-72d94ec62a35","msg":"loaded model from 1 file(s):\n ","type":"log"} (STDOUT, APP/PROC/WEB)#
#2026 05 14 11:37:09.049#Z#DEBUG#12f0546a-4f89-11f1-8186-eeee0a8da331.incident-management-srv#flowable-async-job-executor-thread-2032#
[PollStageAppStatusExecution] 2492ac56-a2da-4631-b25a-332a89a4684c [2026-05-14T11:32:36.231089] srv/csn.json (STDOUT, APP/PROC/WEB)#
#2026 05 14 11:37:09.049#Z#DEBUG#12f0546a-4f89-11f1-8186-eeee0a8da331.incident-management-srv#flowable-async-job-executor-thread-2032#
[PollStageAppStatusExecution] 2492ac56-a2da-4631-b25a-332a89a4684c [2026-05-14T11:32:36.587204] {"level":"info","logger":"cds","timestamp":"2026-05-14T11:32:36.586Z","layer":"cds","component_type":"application","container_id":"10.32.2.6","component_id":"2492ac56-a2da-4631-b25a-332a89a4684c","component_name":"incident-management-srv","component_instance":0,"source_instance":0,"organization_name":"922f8253trial","organization_id":"14eeb614-6e79-4ebc-aaef-3126f44263da","space_name":"dev","space_id":"fbd7e39b-aea9-4686-afbf-72d94ec62a35","msg":"connect to db > hana {\n  database_id: 'a39c7de3-6f67-45ce-beb8-e90a708f62b9',\n  host: 'a39c7de3-6f67-45ce-beb8-e90a708f62b9.hna1.prod-us10.hanacloud.ondemand.com',\n  port: '443',\n  driver: 'com.sap.db.jdbc.Driver',\n  url: 'jdbc:sap://a39c7de3-6f67-45ce-beb8-e90a708f62b9.hna1.prod-us10.hanacloud.ondemand.com:443?encrypt=true&validateCertificate=true&currentschema=5B910FD501484AB0BA2F8DE3E2DA6D90',\n  schema: '5B910FD501484AB0BA2F8DE3E2DA6D90',\n  certificate: '...',\n  hdi_user: '5B910FD501484AB0BA2F8DE3E2DA6D90_64JCW4HD8CHZGICCY19WWK02Y_DT',\n  hdi_password: '...',\n  user: '5B910FD501484AB0BA2F8DE3E2DA6D90_64JCW4HD8CHZGICCY19WWK02Y_RT',\n  password: '...'\n}","type":"log"} (STDOUT, APP/PROC/WEB)#
#2026 05 14 11:37:09.049#Z#DEBUG#12f0546a-4f89-11f1-8186-eeee0a8da331.incident-management-srv#flowable-async-job-executor-thread-2032#
[PollStageAppStatusExecution] 2492ac56-a2da-4631-b25a-332a89a4684c [2026-05-14T11:32:36.625092] {"level":"info","logger":"cds","timestamp":"2026-05-14T11:32:36.624Z","layer":"cds","component_type":"application","container_id":"10.32.2.6","component_id":"2492ac56-a2da-4631-b25a-332a89a4684c","component_name":"incident-management-srv","component_instance":0,"source_instance":0,"organization_name":"922f8253trial","organization_id":"14eeb614-6e79-4ebc-aaef-3126f44263da","space_name":"dev","space_id":"fbd7e39b-aea9-4686-afbf-72d94ec62a35","msg":"using auth strategy { kind: 'xsuaa' }","type":"log"} (STDOUT, APP/PROC/WEB)#
#2026 05 14 11:37:09.049#Z#DEBUG#12f0546a-4f89-11f1-8186-eeee0a8da331.incident-management-srv#flowable-async-job-executor-thread-2032#
[PollStageAppStatusExecution] 2492ac56-a2da-4631-b25a-332a89a4684c [2026-05-14T11:32:36.687775] {"level":"info","logger":"cds","timestamp":"2026-05-14T11:32:36.686Z","layer":"cds","component_type":"application","container_id":"10.32.2.6","component_id":"2492ac56-a2da-4631-b25a-332a89a4684c","component_name":"incident-management-srv","component_instance":0,"source_instance":0,"organization_name":"922f8253trial","organization_id":"14eeb614-6e79-4ebc-aaef-3126f44263da","space_name":"dev","space_id":"fbd7e39b-aea9-4686-afbf-72d94ec62a35","msg":"serving ProcessorService {\n  at: [ '/odata/v4/processor' ],\n  decl: 'srv/csn.json:630',\n  impl: 'srv/services.js'\n}","type":"log"} (STDOUT, APP/PROC/WEB)#
#2026 05 14 11:37:09.049#Z#DEBUG#12f0546a-4f89-11f1-8186-eeee0a8da331.incident-management-srv#flowable-async-job-executor-thread-2032#
[PollStageAppStatusExecution] 2492ac56-a2da-4631-b25a-332a89a4684c [2026-05-14T11:32:36.688338] {"level":"info","logger":"cds","timestamp":"2026-05-14T11:32:36.687Z","layer":"cds","component_type":"application","container_id":"10.32.2.6","component_id":"2492ac56-a2da-4631-b25a-332a89a4684c","component_name":"incident-management-srv","component_instance":0,"source_instance":0,"organization_name":"922f8253trial","organization_id":"14eeb614-6e79-4ebc-aaef-3126f44263da","space_name":"dev","space_id":"fbd7e39b-aea9-4686-afbf-72d94ec62a35","msg":"serving AdminService {\n  at: [ '/odata/v4/admin' ],\n  decl: 'srv/csn.json:1114',\n  impl: 'srv/services.js'\n}","type":"log"} (STDOUT, APP/PROC/WEB)#
#2026 05 14 11:37:09.049#Z#DEBUG#12f0546a-4f89-11f1-8186-eeee0a8da331.incident-management-srv#flowable-async-job-executor-thread-2032#
[PollStageAppStatusExecution] 2492ac56-a2da-4631-b25a-332a89a4684c [2026-05-14T11:32:36.694438] {"level":"info","logger":"cds","timestamp":"2026-05-14T11:32:36.693Z","layer":"cds","component_type":"application","container_id":"10.32.2.6","component_id":"2492ac56-a2da-4631-b25a-332a89a4684c","component_name":"incident-management-srv","component_instance":0,"source_instance":0,"organization_name":"922f8253trial","organization_id":"14eeb614-6e79-4ebc-aaef-3126f44263da","space_name":"dev","space_id":"fbd7e39b-aea9-4686-afbf-72d94ec62a35","msg":"server listening on { url: 'http://localhost:8080' }","type":"log"} (STDOUT, APP/PROC/WEB)#
#2026 05 14 11:37:09.049#Z#DEBUG#12f0546a-4f89-11f1-8186-eeee0a8da331.incident-management-srv#flowable-async-job-executor-thread-2032#
[PollStageAppStatusExecution] 2492ac56-a2da-4631-b25a-332a89a4684c [2026-05-14T11:32:36.695958] {"level":"info","logger":"cds","timestamp":"2026-05-14T11:32:36.695Z","layer":"cds","component_type":"application","container_id":"10.32.2.6","component_id":"2492ac56-a2da-4631-b25a-332a89a4684c","component_name":"incident-management-srv","component_instance":0,"source_instance":0,"organization_name":"922f8253trial","organization_id":"14eeb614-6e79-4ebc-aaef-3126f44263da","space_name":"dev","space_id":"fbd7e39b-aea9-4686-afbf-72d94ec62a35","msg":"server v9.9.1 launched in 841 ms","type":"log"} (STDOUT, APP/PROC/WEB)#
#2026 05 14 11:37:09.049#Z#DEBUG#12f0546a-4f89-11f1-8186-eeee0a8da331.incident-management-srv#flowable-async-job-executor-thread-2032#
[PollStageAppStatusExecution] 2492ac56-a2da-4631-b25a-332a89a4684c [2026-05-14T11:32:38.045581] Container became healthy (STDOUT, CELL)#
#2026 05 14 11:37:09.049#Z#DEBUG#12f0546a-4f89-11f1-8186-eeee0a8da331.incident-management-srv#flowable-async-job-executor-thread-2032#
[PollStageAppStatusExecution] 2492ac56-a2da-4631-b25a-332a89a4684c [2026-05-14T11:32:38.071162] Process became ready with guid 2492ac56-a2da-4631-b25a-332a89a4684c payload: {"instance"=>"c6cd9837-68e0-4a1a-6e4b-7dc1", "index"=>0, "cell_id"=>"c839c7b1-088e-41af-b9b7-66256aacd457", "ready"=>true, "version"=>"f6babb4a-ac85-4aff-9d05-f33252b06e83"} (STDOUT, API)#
#2026 05 14 11:37:09.049#Z#DEBUG#12f0546a-4f89-11f1-8186-eeee0a8da331.incident-management-srv#flowable-async-job-executor-thread-2032#
[PollStageAppStatusExecution] 2492ac56-a2da-4631-b25a-332a89a4684c [2026-05-14T11:33:04.088716] Cell c839c7b1-088e-41af-b9b7-66256aacd457 destroying container for instance 01088c16-4eec-455d-595d-9527 (STDOUT, CELL)#
#2026 05 14 11:37:09.049#Z#DEBUG#12f0546a-4f89-11f1-8186-eeee0a8da331.incident-management-srv#flowable-async-job-executor-thread-2032#
[PollStageAppStatusExecution] 2492ac56-a2da-4631-b25a-332a89a4684c [2026-05-14T11:33:04.376659] Exit status 137 (STDOUT, PROXY)#
#2026 05 14 11:37:09.049#Z#DEBUG#12f0546a-4f89-11f1-8186-eeee0a8da331.incident-management-srv#flowable-async-job-executor-thread-2032#
[PollStageAppStatusExecution] 2492ac56-a2da-4631-b25a-332a89a4684c [2026-05-14T11:33:06.545500] Cell c839c7b1-088e-41af-b9b7-66256aacd457 successfully destroyed container for instance 01088c16-4eec-455d-595d-9527 (STDOUT, CELL)#
#2026 05 14 11:37:09.049#Z#DEBUG#12f0546a-4f89-11f1-8186-eeee0a8da331.incident-management-srv#flowable-async-job-executor-thread-2032#
[PollStageAppStatusExecution] 2492ac56-a2da-4631-b25a-332a89a4684c [2026-05-14T11:36:11.558917] Updated app with guid 2492ac56-a2da-4631-b25a-332a89a4684c ({"lifecycle"=>{"data"=>{"buildpacks"=>["nodejs_buildpack"]}, "type"=>"buildpack"}}) (STDOUT, API)#
#2026 05 14 11:37:09.049#Z#DEBUG#12f0546a-4f89-11f1-8186-eeee0a8da331.incident-management-srv#flowable-async-job-executor-thread-2032#
[PollStageAppStatusExecution] 2492ac56-a2da-4631-b25a-332a89a4684c [2026-05-14T11:36:11.677862] Updating process: "web" (STDOUT, API)#
#2026 05 14 11:37:09.049#Z#DEBUG#12f0546a-4f89-11f1-8186-eeee0a8da331.incident-management-srv#flowable-async-job-executor-thread-2032#
[PollStageAppStatusExecution] 2492ac56-a2da-4631-b25a-332a89a4684c [2026-05-14T11:36:49.117849] Uploading app package for app with guid 2492ac56-a2da-4631-b25a-332a89a4684c (STDOUT, API)#
#2026 05 14 11:37:09.049#Z#DEBUG#12f0546a-4f89-11f1-8186-eeee0a8da331.incident-management-srv#flowable-async-job-executor-thread-2032#
[PollStageAppStatusExecution] 2492ac56-a2da-4631-b25a-332a89a4684c [2026-05-14T11:36:49.298552] Updated app with guid 2492ac56-a2da-4631-b25a-332a89a4684c ({"environment_variables"=>"[PRIVATE DATA HIDDEN]"}) (STDOUT, API)#
#2026 05 14 11:37:09.049#Z#DEBUG#12f0546a-4f89-11f1-8186-eeee0a8da331.incident-management-srv#flowable-async-job-executor-thread-2032#
[PollStageAppStatusExecution] 2492ac56-a2da-4631-b25a-332a89a4684c [2026-05-14T11:36:59.695601] Stopping app with guid 2492ac56-a2da-4631-b25a-332a89a4684c (STDOUT, API)#
#2026 05 14 11:37:09.049#Z#DEBUG#12f0546a-4f89-11f1-8186-eeee0a8da331.incident-management-srv#flowable-async-job-executor-thread-2032#
[PollStageAppStatusExecution] 2492ac56-a2da-4631-b25a-332a89a4684c [2026-05-14T11:36:59.803081] Cell c839c7b1-088e-41af-b9b7-66256aacd457 stopping instance c6cd9837-68e0-4a1a-6e4b-7dc1 (STDOUT, CELL)#
#2026 05 14 11:37:09.049#Z#DEBUG#12f0546a-4f89-11f1-8186-eeee0a8da331.incident-management-srv#flowable-async-job-executor-thread-2032#
[PollStageAppStatusExecution] 2492ac56-a2da-4631-b25a-332a89a4684c [2026-05-14T11:36:59.953700] Creating build for app with guid 2492ac56-a2da-4631-b25a-332a89a4684c (STDOUT, API)#
#2026 05 14 11:37:09.049#Z#DEBUG#12f0546a-4f89-11f1-8186-eeee0a8da331.incident-management-srv#flowable-async-job-executor-thread-2032#
[PollStageAppStatusExecution] 2492ac56-a2da-4631-b25a-332a89a4684c [2026-05-14T11:37:00.368550] Downloading nodejs_buildpack... (STDOUT, STG)#
#2026 05 14 11:37:09.049#Z#DEBUG#12f0546a-4f89-11f1-8186-eeee0a8da331.incident-management-srv#flowable-async-job-executor-thread-2032#
[PollStageAppStatusExecution] 2492ac56-a2da-4631-b25a-332a89a4684c [2026-05-14T11:37:00.411847] Downloaded nodejs_buildpack (STDOUT, STG)#
#2026 05 14 11:37:09.049#Z#DEBUG#12f0546a-4f89-11f1-8186-eeee0a8da331.incident-management-srv#flowable-async-job-executor-thread-2032#
[PollStageAppStatusExecution] 2492ac56-a2da-4631-b25a-332a89a4684c [2026-05-14T11:37:00.411938] Cell 684caff8-89cd-492b-be01-b3d0835f1763 creating container for instance 8a184934-fe5e-4571-9708-342a4d72a545 (STDOUT, STG)#
#2026 05 14 11:37:09.049#Z#DEBUG#12f0546a-4f89-11f1-8186-eeee0a8da331.incident-management-srv#flowable-async-job-executor-thread-2032#
[PollStageAppStatusExecution] 2492ac56-a2da-4631-b25a-332a89a4684c [2026-05-14T11:37:01.614110] Security group rules were updated (STDOUT, STG)#
#2026 05 14 11:37:09.049#Z#DEBUG#12f0546a-4f89-11f1-8186-eeee0a8da331.incident-management-srv#flowable-async-job-executor-thread-2032#
[PollStageAppStatusExecution] 2492ac56-a2da-4631-b25a-332a89a4684c [2026-05-14T11:37:01.722129] Cell 684caff8-89cd-492b-be01-b3d0835f1763 successfully created container for instance 8a184934-fe5e-4571-9708-342a4d72a545 (STDOUT, STG)#
#2026 05 14 11:37:09.049#Z#DEBUG#12f0546a-4f89-11f1-8186-eeee0a8da331.incident-management-srv#flowable-async-job-executor-thread-2032#
[PollStageAppStatusExecution] 2492ac56-a2da-4631-b25a-332a89a4684c [2026-05-14T11:37:02.823979] Downloading app package... (STDOUT, STG)#
#2026 05 14 11:37:09.049#Z#DEBUG#12f0546a-4f89-11f1-8186-eeee0a8da331.incident-management-srv#flowable-async-job-executor-thread-2032#
[PollStageAppStatusExecution] 2492ac56-a2da-4631-b25a-332a89a4684c [2026-05-14T11:37:02.823984] Downloading build artifacts cache... (STDOUT, STG)#
#2026 05 14 11:37:09.049#Z#DEBUG#12f0546a-4f89-11f1-8186-eeee0a8da331.incident-management-srv#flowable-async-job-executor-thread-2032#
[PollStageAppStatusExecution] 2492ac56-a2da-4631-b25a-332a89a4684c [2026-05-14T11:37:02.919395] Downloaded build artifacts cache (225B) (STDOUT, STG)#
#2026 05 14 11:37:09.049#Z#DEBUG#12f0546a-4f89-11f1-8186-eeee0a8da331.incident-management-srv#flowable-async-job-executor-thread-2032#
[PollStageAppStatusExecution] 2492ac56-a2da-4631-b25a-332a89a4684c [2026-05-14T11:37:03.918263] Downloaded app package (6.9M) (STDOUT, STG)#
#2026 05 14 11:37:09.049#Z#DEBUG#12f0546a-4f89-11f1-8186-eeee0a8da331.incident-management-srv#flowable-async-job-executor-thread-2032#
[PollStageAppStatusExecution] 2492ac56-a2da-4631-b25a-332a89a4684c [2026-05-14T11:37:04.090792] -----> Nodejs Buildpack version 1.8.44 (STDOUT, STG)#
#2026 05 14 11:37:09.049#Z#DEBUG#12f0546a-4f89-11f1-8186-eeee0a8da331.incident-management-srv#flowable-async-job-executor-thread-2032#
[PollStageAppStatusExecution] 2492ac56-a2da-4631-b25a-332a89a4684c [2026-05-14T11:37:04.571642] -----> Bootstrapping python (STDOUT, STG)#
#2026 05 14 11:37:09.049#Z#DEBUG#12f0546a-4f89-11f1-8186-eeee0a8da331.incident-management-srv#flowable-async-job-executor-thread-2032#
[PollStageAppStatusExecution] 2492ac56-a2da-4631-b25a-332a89a4684c [2026-05-14T11:37:04.571686] -----> Installing python 3.11.14 (STDOUT, STG)#
#2026 05 14 11:37:09.049#Z#DEBUG#12f0546a-4f89-11f1-8186-eeee0a8da331.incident-management-srv#flowable-async-job-executor-thread-2032#
[PollStageAppStatusExecution] 2492ac56-a2da-4631-b25a-332a89a4684c [2026-05-14T11:37:04.571709] Copy [/tmp/buildpacks/978cee5ec9c58000/dependencies/b5e0345ae0ae1932e7d56fffaa49a487/python_3.11.14_linux_x64_cflinuxfs4_66f53248.tgz] (STDOUT, STG)#
#2026 05 14 11:37:19.096#Z#DEBUG#12f0546a-4f89-11f1-8186-eeee0a8da331.incident-management-srv#flowable-async-job-executor-thread-2046#
[PollStageAppStatusExecution] 2492ac56-a2da-4631-b25a-332a89a4684c [2026-05-14T11:37:09.579261] -----> Installing binaries (STDOUT, STG)#
#2026 05 14 11:37:19.096#Z#DEBUG#12f0546a-4f89-11f1-8186-eeee0a8da331.incident-management-srv#flowable-async-job-executor-thread-2046#
[PollStageAppStatusExecution] 2492ac56-a2da-4631-b25a-332a89a4684c [2026-05-14T11:37:09.579482] engines.node (package.json): >=20 (STDOUT, STG)#
#2026 05 14 11:37:19.096#Z#DEBUG#12f0546a-4f89-11f1-8186-eeee0a8da331.incident-management-srv#flowable-async-job-executor-thread-2046#
[PollStageAppStatusExecution] 2492ac56-a2da-4631-b25a-332a89a4684c [2026-05-14T11:37:09.579500] engines.npm (package.json): unspecified (use default) (STDOUT, STG)#
#2026 05 14 11:37:19.096#Z#DEBUG#12f0546a-4f89-11f1-8186-eeee0a8da331.incident-management-srv#flowable-async-job-executor-thread-2046#
[PollStageAppStatusExecution] 2492ac56-a2da-4631-b25a-332a89a4684c [2026-05-14T11:37:09.579622] [31;1m**WARNING**[0m Dangerous semver range (>) in engines.node. See: http://docs.cloudfoundry.org/buildpacks/node/node-tips.html (STDOUT, STG)#
#2026 05 14 11:37:19.096#Z#DEBUG#12f0546a-4f89-11f1-8186-eeee0a8da331.incident-management-srv#flowable-async-job-executor-thread-2046#
[PollStageAppStatusExecution] 2492ac56-a2da-4631-b25a-332a89a4684c [2026-05-14T11:37:09.579703] -----> Installing node 24.13.0 (STDOUT, STG)#
#2026 05 14 11:37:19.096#Z#DEBUG#12f0546a-4f89-11f1-8186-eeee0a8da331.incident-management-srv#flowable-async-job-executor-thread-2046#
[PollStageAppStatusExecution] 2492ac56-a2da-4631-b25a-332a89a4684c [2026-05-14T11:37:09.580014] Copy [/tmp/buildpacks/978cee5ec9c58000/dependencies/2f5692219fecc3eee6e6d507a6bfe7b9/node_24.13.0_linux_x64_cflinuxfs4_a816dee1.tgz] (STDOUT, STG)#
#2026 05 14 11:37:19.096#Z#DEBUG#12f0546a-4f89-11f1-8186-eeee0a8da331.incident-management-srv#flowable-async-job-executor-thread-2046#
[PollStageAppStatusExecution] 2492ac56-a2da-4631-b25a-332a89a4684c [2026-05-14T11:37:12.643329] Using default npm version: 11.6.2 (STDOUT, STG)#
#2026 05 14 11:37:19.096#Z#DEBUG#12f0546a-4f89-11f1-8186-eeee0a8da331.incident-management-srv#flowable-async-job-executor-thread-2046#
[PollStageAppStatusExecution] 2492ac56-a2da-4631-b25a-332a89a4684c [2026-05-14T11:37:12.643363] -----> Installing yarn 1.22.22 (STDOUT, STG)#
#2026 05 14 11:37:19.096#Z#DEBUG#12f0546a-4f89-11f1-8186-eeee0a8da331.incident-management-srv#flowable-async-job-executor-thread-2046#
[PollStageAppStatusExecution] 2492ac56-a2da-4631-b25a-332a89a4684c [2026-05-14T11:37:12.643617] Copy [/tmp/buildpacks/978cee5ec9c58000/dependencies/e3a39aedd1236924d69cc2d0637a8ed2/yarn_1.22.22_linux_noarch_any-stack_4911d0a6.tgz] (STDOUT, STG)#
#2026 05 14 11:37:19.096#Z#DEBUG#12f0546a-4f89-11f1-8186-eeee0a8da331.incident-management-srv#flowable-async-job-executor-thread-2046#
[PollStageAppStatusExecution] 2492ac56-a2da-4631-b25a-332a89a4684c [2026-05-14T11:37:13.112526] Installed yarn 1.22.22 (STDOUT, STG)#
#2026 05 14 11:37:19.096#Z#DEBUG#12f0546a-4f89-11f1-8186-eeee0a8da331.incident-management-srv#flowable-async-job-executor-thread-2046#
[PollStageAppStatusExecution] 2492ac56-a2da-4631-b25a-332a89a4684c [2026-05-14T11:37:13.112555] -----> Creating runtime environment (STDOUT, STG)#
#2026 05 14 11:37:19.096#Z#DEBUG#12f0546a-4f89-11f1-8186-eeee0a8da331.incident-management-srv#flowable-async-job-executor-thread-2046#
[PollStageAppStatusExecution] 2492ac56-a2da-4631-b25a-332a89a4684c [2026-05-14T11:37:13.114574] NODE_ENV=production (STDOUT, STG)#
#2026 05 14 11:37:19.096#Z#DEBUG#12f0546a-4f89-11f1-8186-eeee0a8da331.incident-management-srv#flowable-async-job-executor-thread-2046#
[PollStageAppStatusExecution] 2492ac56-a2da-4631-b25a-332a89a4684c [2026-05-14T11:37:13.114590] NODE_HOME=/tmp/contents544321712/deps/0/node (STDOUT, STG)#
#2026 05 14 11:37:19.096#Z#DEBUG#12f0546a-4f89-11f1-8186-eeee0a8da331.incident-management-srv#flowable-async-job-executor-thread-2046#
[PollStageAppStatusExecution] 2492ac56-a2da-4631-b25a-332a89a4684c [2026-05-14T11:37:13.114603] NODE_MODULES_CACHE=true (STDOUT, STG)#
#2026 05 14 11:37:19.096#Z#DEBUG#12f0546a-4f89-11f1-8186-eeee0a8da331.incident-management-srv#flowable-async-job-executor-thread-2046#
[PollStageAppStatusExecution] 2492ac56-a2da-4631-b25a-332a89a4684c [2026-05-14T11:37:13.114627] NODE_VERBOSE=false (STDOUT, STG)#
#2026 05 14 11:37:19.096#Z#DEBUG#12f0546a-4f89-11f1-8186-eeee0a8da331.incident-management-srv#flowable-async-job-executor-thread-2046#
[PollStageAppStatusExecution] 2492ac56-a2da-4631-b25a-332a89a4684c [2026-05-14T11:37:13.114684] NPM_CONFIG_LOGLEVEL=error (STDOUT, STG)#
#2026 05 14 11:37:19.096#Z#DEBUG#12f0546a-4f89-11f1-8186-eeee0a8da331.incident-management-srv#flowable-async-job-executor-thread-2046#
[PollStageAppStatusExecution] 2492ac56-a2da-4631-b25a-332a89a4684c [2026-05-14T11:37:13.114702] NPM_CONFIG_PRODUCTION=true (STDOUT, STG)#
#2026 05 14 11:37:19.096#Z#DEBUG#12f0546a-4f89-11f1-8186-eeee0a8da331.incident-management-srv#flowable-async-job-executor-thread-2046#
[PollStageAppStatusExecution] 2492ac56-a2da-4631-b25a-332a89a4684c [2026-05-14T11:37:13.114800] -----> Building dependencies (STDOUT, STG)#
#2026 05 14 11:37:19.096#Z#DEBUG#12f0546a-4f89-11f1-8186-eeee0a8da331.incident-management-srv#flowable-async-job-executor-thread-2046#
[PollStageAppStatusExecution] 2492ac56-a2da-4631-b25a-332a89a4684c [2026-05-14T11:37:13.114811] Prebuild detected (node_modules already exists) (STDOUT, STG)#
#2026 05 14 11:37:19.096#Z#DEBUG#12f0546a-4f89-11f1-8186-eeee0a8da331.incident-management-srv#flowable-async-job-executor-thread-2046#
[PollStageAppStatusExecution] 2492ac56-a2da-4631-b25a-332a89a4684c [2026-05-14T11:37:13.114895] Rebuilding any native modules (STDOUT, STG)#
#2026 05 14 11:37:19.096#Z#DEBUG#12f0546a-4f89-11f1-8186-eeee0a8da331.incident-management-srv#flowable-async-job-executor-thread-2046#
[PollStageAppStatusExecution] 2492ac56-a2da-4631-b25a-332a89a4684c [2026-05-14T11:37:14.133340] rebuilt dependencies successfully (STDOUT, STG)#
#2026 05 14 11:37:19.096#Z#DEBUG#12f0546a-4f89-11f1-8186-eeee0a8da331.incident-management-srv#flowable-async-job-executor-thread-2046#
[PollStageAppStatusExecution] 2492ac56-a2da-4631-b25a-332a89a4684c [2026-05-14T11:37:14.135256] npm notice (STDOUT, STG)#
#2026 05 14 11:37:19.096#Z#DEBUG#12f0546a-4f89-11f1-8186-eeee0a8da331.incident-management-srv#flowable-async-job-executor-thread-2046#
[PollStageAppStatusExecution] 2492ac56-a2da-4631-b25a-332a89a4684c [2026-05-14T11:37:14.135275] npm notice New minor version of npm available! 11.6.2 -> 11.14.1 (STDOUT, STG)#
#2026 05 14 11:37:19.096#Z#DEBUG#12f0546a-4f89-11f1-8186-eeee0a8da331.incident-management-srv#flowable-async-job-executor-thread-2046#
[PollStageAppStatusExecution] 2492ac56-a2da-4631-b25a-332a89a4684c [2026-05-14T11:37:14.135280] npm notice Changelog: https://github.com/npm/cli/releases/tag/v11.14.1 (STDOUT, STG)#
#2026 05 14 11:37:19.096#Z#DEBUG#12f0546a-4f89-11f1-8186-eeee0a8da331.incident-management-srv#flowable-async-job-executor-thread-2046#
[PollStageAppStatusExecution] 2492ac56-a2da-4631-b25a-332a89a4684c [2026-05-14T11:37:14.135291] npm notice To update run: npm install -g npm@11.14.1 (STDOUT, STG)#
#2026 05 14 11:37:19.096#Z#DEBUG#12f0546a-4f89-11f1-8186-eeee0a8da331.incident-management-srv#flowable-async-job-executor-thread-2046#
[PollStageAppStatusExecution] 2492ac56-a2da-4631-b25a-332a89a4684c [2026-05-14T11:37:14.135294] npm notice (STDOUT, STG)#
#2026 05 14 11:37:19.096#Z#DEBUG#12f0546a-4f89-11f1-8186-eeee0a8da331.incident-management-srv#flowable-async-job-executor-thread-2046#
[PollStageAppStatusExecution] 2492ac56-a2da-4631-b25a-332a89a4684c [2026-05-14T11:37:14.224904] Installing any new modules (package.json + package-lock.json) (STDOUT, STG)#
#2026 05 14 11:37:19.096#Z#DEBUG#12f0546a-4f89-11f1-8186-eeee0a8da331.incident-management-srv#flowable-async-job-executor-thread-2046#
[PollStageAppStatusExecution] 2492ac56-a2da-4631-b25a-332a89a4684c [2026-05-14T11:37:15.378593] removed 14 packages in 1s (STDOUT, STG)#
#2026 05 14 11:37:19.096#Z#DEBUG#12f0546a-4f89-11f1-8186-eeee0a8da331.incident-management-srv#flowable-async-job-executor-thread-2046#
[PollStageAppStatusExecution] 2492ac56-a2da-4631-b25a-332a89a4684c [2026-05-14T11:37:15.378785] 25 packages are looking for funding (STDOUT, STG)#
#2026 05 14 11:37:19.096#Z#DEBUG#12f0546a-4f89-11f1-8186-eeee0a8da331.incident-management-srv#flowable-async-job-executor-thread-2046#
[PollStageAppStatusExecution] 2492ac56-a2da-4631-b25a-332a89a4684c [2026-05-14T11:37:15.378801] run `npm fund` for details (STDOUT, STG)#
#2026 05 14 11:37:19.096#Z#DEBUG#12f0546a-4f89-11f1-8186-eeee0a8da331.incident-management-srv#flowable-async-job-executor-thread-2046#
[PollStageAppStatusExecution] 2492ac56-a2da-4631-b25a-332a89a4684c [2026-05-14T11:37:16.866855] Contrast Security no credentials found. Will not write environment files. (STDOUT, STG)#
#2026 05 14 11:37:39.198#Z#DEBUG#12f0546a-4f89-11f1-8186-eeee0a8da331.incident-management-srv#flowable-async-job-executor-thread-2059#
[PollStageAppStatusExecution] 2492ac56-a2da-4631-b25a-332a89a4684c [2026-05-14T11:37:28.876494] Exit status 0 (STDOUT, STG)#
#2026 05 14 11:37:39.198#Z#DEBUG#12f0546a-4f89-11f1-8186-eeee0a8da331.incident-management-srv#flowable-async-job-executor-thread-2059#
[PollStageAppStatusExecution] 2492ac56-a2da-4631-b25a-332a89a4684c [2026-05-14T11:37:28.876560] Uploading droplet, build artifacts cache... (STDOUT, STG)#
#2026 05 14 11:37:39.198#Z#DEBUG#12f0546a-4f89-11f1-8186-eeee0a8da331.incident-management-srv#flowable-async-job-executor-thread-2059#
[PollStageAppStatusExecution] 2492ac56-a2da-4631-b25a-332a89a4684c [2026-05-14T11:37:28.876627] Uploading droplet... (STDOUT, STG)#
#2026 05 14 11:37:39.198#Z#DEBUG#12f0546a-4f89-11f1-8186-eeee0a8da331.incident-management-srv#flowable-async-job-executor-thread-2059#
[PollStageAppStatusExecution] 2492ac56-a2da-4631-b25a-332a89a4684c [2026-05-14T11:37:28.876651] Uploading build artifacts cache... (STDOUT, STG)#
#2026 05 14 11:37:39.198#Z#DEBUG#12f0546a-4f89-11f1-8186-eeee0a8da331.incident-management-srv#flowable-async-job-executor-thread-2059#
[PollStageAppStatusExecution] 2492ac56-a2da-4631-b25a-332a89a4684c [2026-05-14T11:37:28.905645] Uploaded build artifacts cache (226B) (STDOUT, STG)#
#2026 05 14 11:37:39.198#Z#DEBUG#12f0546a-4f89-11f1-8186-eeee0a8da331.incident-management-srv#flowable-async-job-executor-thread-2059#
[PollStageAppStatusExecution] 2492ac56-a2da-4631-b25a-332a89a4684c [2026-05-14T11:37:29.678563] Creating droplet for app with guid 2492ac56-a2da-4631-b25a-332a89a4684c (STDOUT, API)#
#2026 05 14 11:37:39.198#Z#DEBUG#12f0546a-4f89-11f1-8186-eeee0a8da331.incident-management-srv#flowable-async-job-executor-thread-2059#
[PollStageAppStatusExecution] 2492ac56-a2da-4631-b25a-332a89a4684c [2026-05-14T11:37:31.747358] Uploaded droplet (60.2M) (STDOUT, STG)#
#2026 05 14 11:37:39.198#Z#DEBUG#12f0546a-4f89-11f1-8186-eeee0a8da331.incident-management-srv#flowable-async-job-executor-thread-2059#
[PollStageAppStatusExecution] 2492ac56-a2da-4631-b25a-332a89a4684c [2026-05-14T11:37:31.771778] Uploading complete (STDOUT, STG)#
#2026 05 14 11:37:39.198#Z#DEBUG#12f0546a-4f89-11f1-8186-eeee0a8da331.incident-management-srv#flowable-async-job-executor-thread-2059#
[PollStageAppStatusExecution] 2492ac56-a2da-4631-b25a-332a89a4684c [2026-05-14T11:37:32.699418] Cell 684caff8-89cd-492b-be01-b3d0835f1763 stopping instance 8a184934-fe5e-4571-9708-342a4d72a545 (STDOUT, STG)#
#2026 05 14 11:37:39.198#Z#DEBUG#12f0546a-4f89-11f1-8186-eeee0a8da331.incident-management-srv#flowable-async-job-executor-thread-2059#
[PollStageAppStatusExecution] 2492ac56-a2da-4631-b25a-332a89a4684c [2026-05-14T11:37:32.699458] Cell 684caff8-89cd-492b-be01-b3d0835f1763 destroying container for instance 8a184934-fe5e-4571-9708-342a4d72a545 (STDOUT, STG)#
#2026 05 14 11:37:39.198#Z#DEBUG#12f0546a-4f89-11f1-8186-eeee0a8da331.incident-management-srv#flowable-async-job-executor-thread-2059#
[PollStageAppStatusExecution] 2492ac56-a2da-4631-b25a-332a89a4684c [2026-05-14T11:37:32.750677] Staging complete for build 8a184934-fe5e-4571-9708-342a4d72a545 (STDOUT, API)#
#2026 05 14 11:37:39.198#Z#DEBUG#12f0546a-4f89-11f1-8186-eeee0a8da331.incident-management-srv#flowable-async-job-executor-thread-2059#
[PollStageAppStatusExecution] 2492ac56-a2da-4631-b25a-332a89a4684c [2026-05-14T11:37:35.948509] Cell 684caff8-89cd-492b-be01-b3d0835f1763 successfully destroyed container for instance 8a184934-fe5e-4571-9708-342a4d72a545 (STDOUT, STG)#
#2026 05 14 11:37:49.263#Z#DEBUG#12f0546a-4f89-11f1-8186-eeee0a8da331.incident-management-srv#flowable-async-job-executor-thread-2064#
[PollStartAppStatusExecution] 2492ac56-a2da-4631-b25a-332a89a4684c [2026-05-14T11:37:39.260643] Updated app with guid 2492ac56-a2da-4631-b25a-332a89a4684c ({:droplet_guid=>"0cb812a9-bdb9-4ca3-8a4f-8295e46fa1e1"}) (STDOUT, API)#
#2026 05 14 11:37:49.263#Z#DEBUG#12f0546a-4f89-11f1-8186-eeee0a8da331.incident-management-srv#flowable-async-job-executor-thread-2064#
[PollStartAppStatusExecution] 2492ac56-a2da-4631-b25a-332a89a4684c [2026-05-14T11:37:39.435751] Creating revision for app with guid 2492ac56-a2da-4631-b25a-332a89a4684c (STDOUT, API)#
#2026 05 14 11:37:49.263#Z#DEBUG#12f0546a-4f89-11f1-8186-eeee0a8da331.incident-management-srv#flowable-async-job-executor-thread-2064#
[PollStartAppStatusExecution] 2492ac56-a2da-4631-b25a-332a89a4684c [2026-05-14T11:37:39.472762] Starting app with guid 2492ac56-a2da-4631-b25a-332a89a4684c (STDOUT, API)#
#2026 05 14 11:37:49.263#Z#DEBUG#12f0546a-4f89-11f1-8186-eeee0a8da331.incident-management-srv#flowable-async-job-executor-thread-2064#
[PollStartAppStatusExecution] 2492ac56-a2da-4631-b25a-332a89a4684c [2026-05-14T11:37:39.728729] Cell 684caff8-89cd-492b-be01-b3d0835f1763 creating container for instance 4fecd5eb-9f38-4cf1-4254-82de (STDOUT, CELL)#
#2026 05 14 11:37:49.263#Z#DEBUG#12f0546a-4f89-11f1-8186-eeee0a8da331.incident-management-srv#flowable-async-job-executor-thread-2064#
[PollStartAppStatusExecution] 2492ac56-a2da-4631-b25a-332a89a4684c [2026-05-14T11:37:40.984128] Security group rules were updated (STDOUT, CELL)#
#2026 05 14 11:37:49.263#Z#DEBUG#12f0546a-4f89-11f1-8186-eeee0a8da331.incident-management-srv#flowable-async-job-executor-thread-2064#
[PollStartAppStatusExecution] 2492ac56-a2da-4631-b25a-332a89a4684c [2026-05-14T11:37:41.110179] Cell 684caff8-89cd-492b-be01-b3d0835f1763 successfully created container for instance 4fecd5eb-9f38-4cf1-4254-82de (STDOUT, CELL)#
#2026 05 14 11:37:49.263#Z#DEBUG#12f0546a-4f89-11f1-8186-eeee0a8da331.incident-management-srv#flowable-async-job-executor-thread-2064#
[PollStartAppStatusExecution] 2492ac56-a2da-4631-b25a-332a89a4684c [2026-05-14T11:37:42.746061] Downloading droplet... (STDOUT, CELL)#
#2026 05 14 11:37:49.263#Z#DEBUG#12f0546a-4f89-11f1-8186-eeee0a8da331.incident-management-srv#flowable-async-job-executor-thread-2064#
[PollStartAppStatusExecution] 2492ac56-a2da-4631-b25a-332a89a4684c [2026-05-14T11:37:47.653530] Downloaded droplet (60.2M) (STDOUT, CELL)#
#2026 05 14 11:37:49.263#Z#DEBUG#12f0546a-4f89-11f1-8186-eeee0a8da331.incident-management-srv#flowable-async-job-executor-thread-2064#
[PollStartAppStatusExecution] 2492ac56-a2da-4631-b25a-332a89a4684c [2026-05-14T11:37:47.653698] Starting health monitoring of container (STDOUT, CELL)#
#2026 05 14 11:37:49.263#Z#DEBUG#12f0546a-4f89-11f1-8186-eeee0a8da331.incident-management-srv#flowable-async-job-executor-thread-2064#
[PollStartAppStatusExecution] 2492ac56-a2da-4631-b25a-332a89a4684c [2026-05-14T11:37:47.843695] Invoking pre-start scripts. (STDOUT, APP/PROC/WEB)#
#2026 05 14 11:37:49.263#Z#DEBUG#12f0546a-4f89-11f1-8186-eeee0a8da331.incident-management-srv#flowable-async-job-executor-thread-2064#
[PollStartAppStatusExecution] 2492ac56-a2da-4631-b25a-332a89a4684c [2026-05-14T11:37:48.179758] Invoking start command. (STDOUT, APP/PROC/WEB)#
#2026 05 14 11:37:49.263#Z#DEBUG#12f0546a-4f89-11f1-8186-eeee0a8da331.incident-management-srv#flowable-async-job-executor-thread-2064#
[PollStartAppStatusExecution] 2492ac56-a2da-4631-b25a-332a89a4684c [2026-05-14T11:37:48.783144] > incident-management@1.0.0 start (STDOUT, APP/PROC/WEB)#
#2026 05 14 11:37:49.263#Z#DEBUG#12f0546a-4f89-11f1-8186-eeee0a8da331.incident-management-srv#flowable-async-job-executor-thread-2064#
[PollStartAppStatusExecution] 2492ac56-a2da-4631-b25a-332a89a4684c [2026-05-14T11:37:48.783181] > cds-serve (STDOUT, APP/PROC/WEB)#
#2026 05 14 11:37:59.225#Z#DEBUG#12f0546a-4f89-11f1-8186-eeee0a8da331.incident-management-srv#flowable-async-job-executor-thread-2074#
[PollStartAppStatusExecution] 2492ac56-a2da-4631-b25a-332a89a4684c [2026-05-14T11:37:49.206119] {"level":"info","logger":"cds","timestamp":"2026-05-14T11:37:49.204Z","layer":"cds","component_type":"application","container_id":"10.32.1.6","component_id":"2492ac56-a2da-4631-b25a-332a89a4684c","component_name":"incident-management-srv","component_instance":0,"source_instance":0,"organization_name":"922f8253trial","organization_id":"14eeb614-6e79-4ebc-aaef-3126f44263da","space_name":"dev","space_id":"fbd7e39b-aea9-4686-afbf-72d94ec62a35","msg":"loaded model from 1 file(s):\n ","type":"log"} (STDOUT, APP/PROC/WEB)#
#2026 05 14 11:37:59.225#Z#DEBUG#12f0546a-4f89-11f1-8186-eeee0a8da331.incident-management-srv#flowable-async-job-executor-thread-2074#
[PollStartAppStatusExecution] 2492ac56-a2da-4631-b25a-332a89a4684c [2026-05-14T11:37:49.206579] srv/csn.json (STDOUT, APP/PROC/WEB)#
#2026 05 14 11:37:59.225#Z#DEBUG#12f0546a-4f89-11f1-8186-eeee0a8da331.incident-management-srv#flowable-async-job-executor-thread-2074#
[PollStartAppStatusExecution] 2492ac56-a2da-4631-b25a-332a89a4684c [2026-05-14T11:37:49.588314] {"level":"info","logger":"cds","timestamp":"2026-05-14T11:37:49.587Z","layer":"cds","component_type":"application","container_id":"10.32.1.6","component_id":"2492ac56-a2da-4631-b25a-332a89a4684c","component_name":"incident-management-srv","component_instance":0,"source_instance":0,"organization_name":"922f8253trial","organization_id":"14eeb614-6e79-4ebc-aaef-3126f44263da","space_name":"dev","space_id":"fbd7e39b-aea9-4686-afbf-72d94ec62a35","msg":"connect to db > hana {\n  database_id: 'a39c7de3-6f67-45ce-beb8-e90a708f62b9',\n  host: 'a39c7de3-6f67-45ce-beb8-e90a708f62b9.hna1.prod-us10.hanacloud.ondemand.com',\n  port: '443',\n  driver: 'com.sap.db.jdbc.Driver',\n  url: 'jdbc:sap://a39c7de3-6f67-45ce-beb8-e90a708f62b9.hna1.prod-us10.hanacloud.ondemand.com:443?encrypt=true&validateCertificate=true&currentschema=5B910FD501484AB0BA2F8DE3E2DA6D90',\n  schema: '5B910FD501484AB0BA2F8DE3E2DA6D90',\n  certificate: '...',\n  hdi_user: '5B910FD501484AB0BA2F8DE3E2DA6D90_64JCW4HD8CHZGICCY19WWK02Y_DT',\n  hdi_password: '...',\n  user: '5B910FD501484AB0BA2F8DE3E2DA6D90_64JCW4HD8CHZGICCY19WWK02Y_RT',\n  password: '...'\n}","type":"log"} (STDOUT, APP/PROC/WEB)#
#2026 05 14 11:37:59.225#Z#DEBUG#12f0546a-4f89-11f1-8186-eeee0a8da331.incident-management-srv#flowable-async-job-executor-thread-2074#
[PollStartAppStatusExecution] 2492ac56-a2da-4631-b25a-332a89a4684c [2026-05-14T11:37:49.625815] {"level":"info","logger":"cds","timestamp":"2026-05-14T11:37:49.625Z","layer":"cds","component_type":"application","container_id":"10.32.1.6","component_id":"2492ac56-a2da-4631-b25a-332a89a4684c","component_name":"incident-management-srv","component_instance":0,"source_instance":0,"organization_name":"922f8253trial","organization_id":"14eeb614-6e79-4ebc-aaef-3126f44263da","space_name":"dev","space_id":"fbd7e39b-aea9-4686-afbf-72d94ec62a35","msg":"using auth strategy { kind: 'xsuaa' }","type":"log"} (STDOUT, APP/PROC/WEB)#
#2026 05 14 11:37:59.225#Z#DEBUG#12f0546a-4f89-11f1-8186-eeee0a8da331.incident-management-srv#flowable-async-job-executor-thread-2074#
[PollStartAppStatusExecution] 2492ac56-a2da-4631-b25a-332a89a4684c [2026-05-14T11:37:49.690258] {"level":"info","logger":"cds","timestamp":"2026-05-14T11:37:49.689Z","layer":"cds","component_type":"application","container_id":"10.32.1.6","component_id":"2492ac56-a2da-4631-b25a-332a89a4684c","component_name":"incident-management-srv","component_instance":0,"source_instance":0,"organization_name":"922f8253trial","organization_id":"14eeb614-6e79-4ebc-aaef-3126f44263da","space_name":"dev","space_id":"fbd7e39b-aea9-4686-afbf-72d94ec62a35","msg":"serving ProcessorService {\n  at: [ '/odata/v4/processor' ],\n  decl: 'srv/csn.json:630',\n  impl: 'srv/services.js'\n}","type":"log"} (STDOUT, APP/PROC/WEB)#
#2026 05 14 11:37:59.225#Z#DEBUG#12f0546a-4f89-11f1-8186-eeee0a8da331.incident-management-srv#flowable-async-job-executor-thread-2074#
[PollStartAppStatusExecution] 2492ac56-a2da-4631-b25a-332a89a4684c [2026-05-14T11:37:49.691213] {"level":"info","logger":"cds","timestamp":"2026-05-14T11:37:49.690Z","layer":"cds","component_type":"application","container_id":"10.32.1.6","component_id":"2492ac56-a2da-4631-b25a-332a89a4684c","component_name":"incident-management-srv","component_instance":0,"source_instance":0,"organization_name":"922f8253trial","organization_id":"14eeb614-6e79-4ebc-aaef-3126f44263da","space_name":"dev","space_id":"fbd7e39b-aea9-4686-afbf-72d94ec62a35","msg":"serving AdminService {\n  at: [ '/odata/v4/admin' ],\n  decl: 'srv/csn.json:1114',\n  impl: 'srv/services.js'\n}","type":"log"} (STDOUT, APP/PROC/WEB)#
#2026 05 14 11:37:59.225#Z#DEBUG#12f0546a-4f89-11f1-8186-eeee0a8da331.incident-management-srv#flowable-async-job-executor-thread-2074#
[PollStartAppStatusExecution] 2492ac56-a2da-4631-b25a-332a89a4684c [2026-05-14T11:37:49.700370] {"level":"info","logger":"cds","timestamp":"2026-05-14T11:37:49.699Z","layer":"cds","component_type":"application","container_id":"10.32.1.6","component_id":"2492ac56-a2da-4631-b25a-332a89a4684c","component_name":"incident-management-srv","component_instance":0,"source_instance":0,"organization_name":"922f8253trial","organization_id":"14eeb614-6e79-4ebc-aaef-3126f44263da","space_name":"dev","space_id":"fbd7e39b-aea9-4686-afbf-72d94ec62a35","msg":"server listening on { url: 'http://localhost:8080' }","type":"log"} (STDOUT, APP/PROC/WEB)#
#2026 05 14 11:37:59.225#Z#DEBUG#12f0546a-4f89-11f1-8186-eeee0a8da331.incident-management-srv#flowable-async-job-executor-thread-2074#
[PollStartAppStatusExecution] 2492ac56-a2da-4631-b25a-332a89a4684c [2026-05-14T11:37:49.701846] {"level":"info","logger":"cds","timestamp":"2026-05-14T11:37:49.701Z","layer":"cds","component_type":"application","container_id":"10.32.1.6","component_id":"2492ac56-a2da-4631-b25a-332a89a4684c","component_name":"incident-management-srv","component_instance":0,"source_instance":0,"organization_name":"922f8253trial","organization_id":"14eeb614-6e79-4ebc-aaef-3126f44263da","space_name":"dev","space_id":"fbd7e39b-aea9-4686-afbf-72d94ec62a35","msg":"server v9.9.1 launched in 892 ms","type":"log"} (STDOUT, APP/PROC/WEB)#
#2026 05 14 11:37:59.225#Z#DEBUG#12f0546a-4f89-11f1-8186-eeee0a8da331.incident-management-srv#flowable-async-job-executor-thread-2074#
[PollStartAppStatusExecution] 2492ac56-a2da-4631-b25a-332a89a4684c [2026-05-14T11:37:50.976391] Container became healthy (STDOUT, CELL)#
#2026 05 14 11:37:59.225#Z#DEBUG#12f0546a-4f89-11f1-8186-eeee0a8da331.incident-management-srv#flowable-async-job-executor-thread-2074#
[PollStartAppStatusExecution] 2492ac56-a2da-4631-b25a-332a89a4684c [2026-05-14T11:37:51.005108] Process became ready with guid 2492ac56-a2da-4631-b25a-332a89a4684c payload: {"instance"=>"4fecd5eb-9f38-4cf1-4254-82de", "index"=>0, "cell_id"=>"684caff8-89cd-492b-be01-b3d0835f1763", "ready"=>true, "version"=>"2003d4b6-8424-4999-ad59-3d573e116335"} (STDOUT, API)#
